[gogogo.com/en-ph/index.html]
[backblue.gif]
[fade.gif]
[index.html]
[gogogo.com/en-ph/assets/images/1735008099_77d81017b98ea6f55ba7.png]
[gogogo.com/en-ph/assets/css/bootstrap.min.css]
[gogogo.com/en-ph/assets/css/animate.css]
[gogogo.com/en-ph/assets/css/icons.css]
[gogogo.com/en-ph/assets/css/app-style.css]
[gogogo.com/en-ph/assets/css/style-main.css]
[cdnjs.cloudflare.com/ajax/libs/material-design-iconic-font/2.2.0/css/material-design-iconic-font.min.css]
[cdnjs.cloudflare.com/ajax/libs/font-awesome/4.7.0/css/font-awesome.min.css]
[fonts.googleapis.com/index.html]
[fonts.googleapis.com/css22f37.css]
[fonts.googleapis.com/icone91f.css]
[unpkg.com/bootstrap-table@1.21.0/dist/bootstrap-table.min.css]
[gogogo.com/en-ph/assets/plugins/bootstrap-datatable/css/dataTables.bootstrap4.min.css]
[cdn.jsdelivr.net/npm/swiper/swiper-bundle.min.css]
[gogogo.com/en-ph/link.href, window.location.origin]
[gogogo.com/en-ph/assets/images/1735010338_6485c8a915b87aeadcac.png]
[gogogo.com/en-ph/terms-and-conditions.html]
[gogogo.com/en-ph/privacy-policy.html]
[gogogo.com/en-ph/assets/flags/id.png]
[gogogo.com/en-ph/assets/flags/my.png]
[gogogo.com/en-ph/assets/flags/ph.png]
[gogogo.com/en-ph/payment.html]
[gogogo.com/en-ph/promotion.html]
[gogogo.com/en-ph/register]
[gogogo.com/en-ph/assets/images/banner/1767074864_c8d9dc3b55e85b679752.webp]
[gogogo.com/en-ph/assets/images/banner/1765280449_a285676d0b39fbbac3ae.webp]
[gogogo.com/en-ph/assets/images/flashsale/maskot/gameskrakter.png]
[gogogo.com/en-ph/promo-detail/top-up-any-game-sa-gogogo-get-10-off.html]
[gogogo.com/en-ph/assets/images/product/1760877080_1fb0442024baf38b0988.webp]
[gogogo.com/en-ph/games/mobile-legends-games-ph3467.html]
[gogogo.com/en-ph/assets/images/product/1760877112_d6bbebf723fe02fa2b55.png]
[gogogo.com/en-ph/games/mobile-legends-games-phd959.html]
[gogogo.com/en-ph/assets/images/games/1764577522_9e734f4e29ec3f4cd296.png]
[gogogo.com/en-ph/games/mobile-legends-games-phe232.html]
[gogogo.com/en-ph/games/mobile-legends-games-ph.html]
[gogogo.com/en-ph/assets/images/games/1764577522_4d9ad9a1a764bbcc4957.png]
[gogogo.com/en-ph/assets/images/games/1740389645_15ea692d7490ca264ca2.png]
[gogogo.com/en-ph/games/magic-chess-go-go.html]
[gogogo.com/en-ph/assets/images/games/1761279873_5ffabea88f9688972884.webp]
[gogogo.com/en-ph/assets/images/games/1761279873_3edd4de5023717e85052.webp]
[gogogo.com/en-ph/games/genshin-crystal-games.html]
[gogogo.com/en-ph/assets/images/games/1761279817_fbfb678668044648e176.webp]
[gogogo.com/en-ph/assets/images/games/1761279817_2f2a49aeb7d4e6ebc8af.webp]
[gogogo.com/en-ph/games/roblox-gift-card.html]
[gogogo.com/en-ph/assets/images/games/1761279917_3f70f8db0b1fda5613d1.webp]
[gogogo.com/en-ph/assets/images/games/1761279917_7b0e88d621774cfca1f0.webp]
[gogogo.com/en-ph/games/chamet.html]
[gogogo.com/en-ph/assets/images/games/1761280021_d6a7edd14a97c39295c2.webp]
[gogogo.com/en-ph/games/poppo-live.html]
[gogogo.com/en-ph/assets/images/games/1761280021_ea7eda5500bde2bd80c3.webp]
[gogogo.com/en-ph/assets/images/games/1764572019_8154384678cf70fd63a1.png]
[gogogo.com/en-ph/games/blood-strike-by-netease.html]
[gogogo.com/en-ph/assets/images/games/1764573158_5a2122039d1138aeb7dd.png]
[gogogo.com/en-ph/games/dragon-nest-m-classic.html]
[gogogo.com/en-ph/assets/images/games/1764658833_8ea946c590cdfa0e48e0.png]
[gogogo.com/en-ph/games/voucher-garena-shells-games.html]
[gogogo.com/en-ph/assets/images/games/1765346997_ee84942cb4db178c17ed.png]
[gogogo.com/en-ph/games/honkai-star-rail-philippine.html]
[gogogo.com/en-ph/assets/images/games/1734689784_e1dc376f8854e93b8edc.png]
[gogogo.com/en-ph/games/valorant.html]
[gogogo.com/en-ph/assets/images/games/1764817846_a5e40522bb9367fec65f.jpg]
[gogogo.com/en-ph/games/crossfire.html]
[gogogo.com/en-ph/assets/images/games/1762923637_8e52c1e689e2211107e7.jpg]
[gogogo.com/en-ph/games/wuthering-waves.html]
[gogogo.com/en-ph/assets/images/games/1764578654_a9d312c8ecdee91d3b5f.jpg]
[gogogo.com/en-ph/games/delta-force-steam.html]
[gogogo.com/en-ph/assets/images/games/1761280167_f9df61ffdbae884f5d34.webp]
[gogogo.com/en-ph/games/pubg-mobile-global.html]
[gogogo.com/en-ph/assets/images/games/1755835684_de46378d55c73324eba3.jpg]
[gogogo.com/en-ph/games/ragnarok-m-classic-uid.html]
[gogogo.com/en-ph/assets/images/games/1763297015_32b61cb9b41cb4417a20.webp]
[gogogo.com/en-ph/assets/images/games/1734889039_82b3f9e6db25944dbc13.png]
[gogogo.com/en-ph/games/mobile-legends-malaysia.html]
[gogogo.com/en-ph/games/honor-of-kings-games.html]
[gogogo.com/en-ph/assets/images/games/1742281581_1764d9f1b57e75a1f402.webp]
[gogogo.com/en-ph/games/steam-wallet-code.html]
[gogogo.com/en-ph/assets/images/games/1761207586_9753a80088ec3945428e.jpg]
[gogogo.com/en-ph/games/crystal-of-atlan.html]
[gogogo.com/en-ph/assets/images/games/1734890526_d78b768ac164ccf74292.png]
[gogogo.com/en-ph/games/voucher-razer-gold-games.html]
[gogogo.com/en-ph/assets/images/games/1734689999_f7154ce33253f3370cd3.png]
[gogogo.com/en-ph/games/palworld-games.html]
[gogogo.com/en-ph/assets/images/games/1764558125_ddd661340ba4ce6a49be.jpg]
[gogogo.com/en-ph/games/voucher-free-fire.html]
[gogogo.com/en-ph/assets/images/games/1763008303_f9211486f1a09ea7d04a.jpg]
[gogogo.com/en-ph/games/discord-nitro.html]
[gogogo.com/en-ph/assets/images/games/1764645710_250f11e6e7cda34fd97a.png]
[gogogo.com/en-ph/games/night-crows.html]
[gogogo.com/en-ph/assets/images/games/1764668011_55429b18425dedf7e044.jpg]
[gogogo.com/en-ph/games/palworld.html]
[gogogo.com/en-ph/assets/images/games/1764667921_31a17f77496d3642c94f.webp]
[gogogo.com/en-ph/games/voucher-minecraft.html]
[gogogo.com/en-ph/assets/images/games/1764668198_0ecb25bd4e0121c012b3.png]
[gogogo.com/en-ph/games/target-gift-card.html]
[gogogo.com/en-ph/assets/images/games/1764668304_ddbb245dfa5a014063bb.jpg]
[gogogo.com/en-ph/games/viu.html]
[gogogo.com/en-ph/assets/images/games/1761279764_9b4b92902acf19fa93f3.webp]
[gogogo.com/en-ph/games/bigo-live.html]
[gogogo.com/en-ph/assets/images/games/1734689707_95a20685a756d0526e51.png]
[gogogo.com/en-ph/games/starmaker-karaoke.html]
[gogogo.com/en-ph/assets/images/games/1734689559_43d8f5559f8e44bd1255.png]
[gogogo.com/en-ph/games/bstation-bilibili.html]
[gogogo.com/en-ph/assets/images/games/1734689686_20747fda1029eb544720.png]
[gogogo.com/en-ph/games/wesing.html]
[gogogo.com/en-ph/assets/images/games/1764558228_58c106128ef1543c1690.jpg]
[gogogo.com/en-ph/games/lita.html]
[gogogo.com/en-ph/assets/images/karakter/ixia.png]
[gogogo.com/en-ph/assets/images/1735010338_d02f2bc05a922e945aaf.png]
[gogogo.com/en-ph/assets/images/method/1735370441_707367543297dea17a7f.webp]
[gogogo.com/en-ph/assets/images/method/1735370432_a728d9110bc0331b94bc.webp]
[gogogo.com/en-ph/assets/images/method/spoy.png]
[gogogo.com/en-ph/assets/images/media/tt.png]
[gogogo.com/en-ph/assets/images/media/yt.png]
[gogogo.com/en-ph/assets/images/media/ig.png]
[gogogo.com/en-ph/assets/images/media/x.png]
[gogogo.com/en-ph/assets/images/media/fb.png]
[gogogo.com/en-ph/assets/images/callcenter.webp]
[gogogo.com/cdn-cgi/scripts/5c5dd728/cloudflare-static/email-decode.min.js]
[gogogo.com/en-ph/assets/js/jquery.min.js]
[gogogo.com/en-ph/assets/js/bootstrap.min.js]
[gogogo.com/en-ph/assets/js/app-script.js]
[cdnjs.cloudflare.com/ajax/libs/twitter-bootstrap/5.2.1/js/bootstrap.bundle.min.js]
[code.iconify.design/iconify-icon/1.0.0/iconify-icon.min.js]
[cdn.jsdelivr.net/npm/swiper/swiper-bundle.min.js]
[code.jquery.com/jquery-3.6.0.min.js]
[gogogo.com/en-ph/home/load_more_games.html]
[gogogo.com/en-ph/index.html]
[gogogo.com/en-ph/assets/css/bootstrap.min.css]
[gogogo.com/en-ph/assets/css/animate.css]
[gogogo.com/en-ph/home/show_less_games.html]
[gogogo.com/en-ph/assets/fonts/Material-Design-Iconic-Fontd1f1.woff2]
[gogogo.com/en-ph/assets/fonts/Material-Design-Iconic-Fontd1f1.woff]
[gogogo.com/en-ph/assets/fonts/Material-Design-Iconic-Fontd1f1.ttf]
[gogogo.com/en-ph/assets/fonts/fontawesome-webfont3e6e.eot]
[gogogo.com/en-ph/assets/fonts/fontawesome-webfontd41d.eot]
[gogogo.com/en-ph/assets/fonts/fontawesome-webfont3e6e.woff2]
[gogogo.com/en-ph/assets/fonts/fontawesome-webfont3e6e.woff]
[gogogo.com/en-ph/assets/fonts/fontawesome-webfont3e6e.ttf]
[gogogo.com/en-ph/assets/fonts/fontawesome-webfont3e6e.svg]
[gogogo.com/en-ph/assets/fonts/themify9f24.eot]
[gogogo.com/en-ph/assets/fonts/themifyd41d.eot]
[gogogo.com/en-ph/assets/fonts/themify9f24.woff]
[gogogo.com/en-ph/assets/fonts/themify9f24.ttf]
[gogogo.com/en-ph/assets/fonts/themify9f24.svg]
[gogogo.com/en-ph/assets/fonts/Simple-Line-Iconsb26c.eot]
[gogogo.com/en-ph/assets/fonts/Simple-Line-Iconsb26c.woff2]
[gogogo.com/en-ph/assets/fonts/Simple-Line-Iconsb26c.ttf]
[gogogo.com/en-ph/assets/fonts/Simple-Line-Iconsb26c.woff]
[gogogo.com/en-ph/assets/fonts/Simple-Line-Iconsb26c.svg]
[gogogo.com/en-ph/assets/fonts/weathericons-regular-webfont.eot]
[gogogo.com/en-ph/assets/fonts/weathericons-regular-webfontd41d.eot]
[gogogo.com/en-ph/assets/fonts/weathericons-regular-webfont.woff2]
[gogogo.com/en-ph/assets/font/weathericons-regular-webfont.woff]
[gogogo.com/en-ph/assets/font/weathericons-regular-webfont.ttf]
[gogogo.com/en-ph/assets/font/weathericons-regular-webfont.svg]
[gogogo.com/en-ph/assets/flags/4x3/ad.svg]
[gogogo.com/en-ph/assets/flags/1x1/ad.svg]
[gogogo.com/en-ph/assets/flags/4x3/ae.svg]
[gogogo.com/en-ph/assets/flags/1x1/ae.svg]
[gogogo.com/en-ph/assets/flags/4x3/af.svg]
[gogogo.com/en-ph/assets/flags/1x1/af.svg]
[gogogo.com/en-ph/assets/flags/4x3/ag.svg]
[gogogo.com/en-ph/assets/flags/1x1/ag.svg]
[gogogo.com/en-ph/assets/flags/4x3/ai.svg]
[gogogo.com/en-ph/assets/flags/1x1/ai.svg]
[gogogo.com/en-ph/assets/flags/4x3/al.svg]
[gogogo.com/en-ph/assets/flags/1x1/al.svg]
[gogogo.com/en-ph/assets/flags/4x3/am.svg]
[gogogo.com/en-ph/assets/flags/1x1/am.svg]
[gogogo.com/en-ph/assets/flags/4x3/ao.svg]
[gogogo.com/en-ph/assets/flags/1x1/ao.svg]
[gogogo.com/en-ph/assets/flags/4x3/aq.svg]
[gogogo.com/en-ph/assets/flags/1x1/aq.svg]
[gogogo.com/en-ph/assets/flags/4x3/ar.svg]
[gogogo.com/en-ph/assets/flags/1x1/ar.svg]
[gogogo.com/en-ph/assets/flags/4x3/as.svg]
[gogogo.com/en-ph/assets/flags/1x1/as.svg]
[gogogo.com/en-ph/assets/flags/4x3/at.svg]
[gogogo.com/en-ph/assets/flags/1x1/at.svg]
[gogogo.com/en-ph/assets/flags/4x3/au.svg]
[gogogo.com/en-ph/assets/flags/1x1/au.svg]
[gogogo.com/en-ph/assets/flags/4x3/aw.svg]
[gogogo.com/en-ph/assets/flags/1x1/aw.svg]
[gogogo.com/en-ph/assets/flags/4x3/ax.svg]
[gogogo.com/en-ph/assets/flags/1x1/ax.svg]
[gogogo.com/en-ph/assets/flags/4x3/az.svg]
[gogogo.com/en-ph/assets/flags/1x1/az.svg]
[gogogo.com/en-ph/assets/flags/4x3/ba.svg]
[gogogo.com/en-ph/assets/flags/1x1/ba.svg]
[gogogo.com/en-ph/assets/flags/4x3/bb.svg]
[gogogo.com/en-ph/assets/flags/1x1/bb.svg]
[gogogo.com/en-ph/assets/flags/4x3/bd.svg]
[gogogo.com/en-ph/assets/flags/1x1/bd.svg]
[gogogo.com/en-ph/assets/flags/4x3/be.svg]
[gogogo.com/en-ph/assets/flags/1x1/be.svg]
[gogogo.com/en-ph/assets/flags/4x3/bf.svg]
[gogogo.com/en-ph/assets/flags/1x1/bf.svg]
[gogogo.com/en-ph/assets/flags/4x3/bg.svg]
[gogogo.com/en-ph/assets/flags/1x1/bg.svg]
[gogogo.com/en-ph/assets/flags/4x3/bh.svg]
[gogogo.com/en-ph/assets/flags/1x1/bh.svg]
[gogogo.com/en-ph/assets/flags/4x3/bi.svg]
[gogogo.com/en-ph/assets/flags/1x1/bi.svg]
[gogogo.com/en-ph/assets/flags/4x3/bj.svg]
[gogogo.com/en-ph/assets/flags/1x1/bj.svg]
[gogogo.com/en-ph/assets/flags/4x3/bl.svg]
[gogogo.com/en-ph/assets/flags/1x1/bl.svg]
[gogogo.com/en-ph/assets/flags/4x3/bm.svg]
[gogogo.com/en-ph/assets/flags/1x1/bm.svg]
[gogogo.com/en-ph/assets/flags/4x3/bn.svg]
[gogogo.com/en-ph/assets/flags/1x1/bn.svg]
[gogogo.com/en-ph/assets/flags/4x3/bo.svg]
[gogogo.com/en-ph/assets/flags/1x1/bo.svg]
[gogogo.com/en-ph/assets/flags/4x3/bq.svg]
[gogogo.com/en-ph/assets/flags/1x1/bq.svg]
[gogogo.com/en-ph/assets/flags/4x3/br.svg]
[gogogo.com/en-ph/assets/flags/1x1/br.svg]
[gogogo.com/en-ph/assets/flags/4x3/bs.svg]
[gogogo.com/en-ph/assets/flags/1x1/bs.svg]
[gogogo.com/en-ph/assets/flags/4x3/bt.svg]
[gogogo.com/en-ph/assets/flags/1x1/bt.svg]
[gogogo.com/en-ph/assets/flags/4x3/bv.svg]
[gogogo.com/en-ph/assets/flags/1x1/bv.svg]
[gogogo.com/en-ph/assets/flags/4x3/bw.svg]
[gogogo.com/en-ph/assets/flags/1x1/bw.svg]
[gogogo.com/en-ph/assets/flags/4x3/by.svg]
[gogogo.com/en-ph/assets/flags/1x1/by.svg]
[gogogo.com/en-ph/assets/flags/4x3/bz.svg]
[gogogo.com/en-ph/assets/flags/1x1/bz.svg]
[gogogo.com/en-ph/assets/flags/4x3/ca.svg]
[gogogo.com/en-ph/assets/flags/1x1/ca.svg]
[gogogo.com/en-ph/assets/flags/4x3/cc.svg]
[gogogo.com/en-ph/assets/flags/1x1/cc.svg]
[gogogo.com/en-ph/assets/flags/4x3/cd.svg]
[gogogo.com/en-ph/assets/flags/1x1/cd.svg]
[gogogo.com/en-ph/assets/flags/4x3/cf.svg]
[gogogo.com/en-ph/assets/flags/1x1/cf.svg]
[gogogo.com/en-ph/assets/flags/4x3/cg.svg]
[gogogo.com/en-ph/assets/flags/1x1/cg.svg]
[gogogo.com/en-ph/assets/flags/4x3/ch.svg]
[gogogo.com/en-ph/assets/flags/1x1/ch.svg]
[gogogo.com/en-ph/assets/flags/4x3/ci.svg]
[gogogo.com/en-ph/assets/flags/1x1/ci.svg]
[gogogo.com/en-ph/assets/flags/4x3/ck.svg]
[gogogo.com/en-ph/assets/flags/1x1/ck.svg]
[gogogo.com/en-ph/assets/flags/4x3/cl.svg]
[gogogo.com/en-ph/assets/flags/1x1/cl.svg]
[gogogo.com/en-ph/assets/flags/4x3/cm.svg]
[gogogo.com/en-ph/assets/flags/1x1/cm.svg]
[gogogo.com/en-ph/assets/flags/4x3/cn.svg]
[gogogo.com/en-ph/assets/flags/1x1/cn.svg]
[gogogo.com/en-ph/assets/flags/4x3/co.svg]
[gogogo.com/en-ph/assets/flags/1x1/co.svg]
[gogogo.com/en-ph/assets/flags/4x3/cr.svg]
[gogogo.com/en-ph/assets/flags/1x1/cr.svg]
[gogogo.com/en-ph/assets/flags/4x3/cu.svg]
[gogogo.com/en-ph/assets/flags/1x1/cu.svg]
[gogogo.com/en-ph/assets/flags/4x3/cv.svg]
[gogogo.com/en-ph/assets/flags/1x1/cv.svg]
[gogogo.com/en-ph/assets/flags/4x3/cw.svg]
[gogogo.com/en-ph/assets/flags/1x1/cw.svg]
[gogogo.com/en-ph/assets/flags/4x3/cx.svg]
[gogogo.com/en-ph/assets/flags/1x1/cx.svg]
[gogogo.com/en-ph/assets/flags/4x3/cy.svg]
[gogogo.com/en-ph/assets/flags/1x1/cy.svg]
[gogogo.com/en-ph/assets/flags/4x3/cz.svg]
[gogogo.com/en-ph/assets/flags/1x1/cz.svg]
[gogogo.com/en-ph/assets/flags/4x3/de.svg]
[gogogo.com/en-ph/assets/flags/1x1/de.svg]
[gogogo.com/en-ph/assets/flags/4x3/dj.svg]
[gogogo.com/en-ph/assets/flags/1x1/dj.svg]
[gogogo.com/en-ph/assets/flags/4x3/dk.svg]
[gogogo.com/en-ph/assets/flags/1x1/dk.svg]
[gogogo.com/en-ph/assets/flags/4x3/dm.svg]
[gogogo.com/en-ph/assets/flags/1x1/dm.svg]
[gogogo.com/en-ph/assets/flags/4x3/do.svg]
[gogogo.com/en-ph/assets/flags/1x1/do.svg]
[gogogo.com/en-ph/assets/flags/4x3/dz.svg]
[gogogo.com/en-ph/assets/flags/1x1/dz.svg]
[gogogo.com/en-ph/assets/flags/4x3/ec.svg]
[gogogo.com/en-ph/assets/flags/1x1/ec.svg]
[gogogo.com/en-ph/assets/flags/4x3/ee.svg]
[gogogo.com/en-ph/assets/flags/1x1/ee.svg]
[gogogo.com/en-ph/assets/flags/4x3/eg.svg]
[gogogo.com/en-ph/assets/flags/1x1/eg.svg]
[gogogo.com/en-ph/assets/flags/4x3/eh.svg]
[gogogo.com/en-ph/assets/flags/1x1/eh.svg]
[gogogo.com/en-ph/assets/flags/4x3/er.svg]
[gogogo.com/en-ph/assets/flags/1x1/er.svg]
[gogogo.com/en-ph/assets/flags/4x3/es.svg]
[gogogo.com/en-ph/assets/flags/4x3/et.svg]
[gogogo.com/en-ph/assets/flags/1x1/et.svg]
[gogogo.com/en-ph/assets/flags/1x1/es.svg]
[gogogo.com/en-ph/assets/flags/4x3/fi.svg]
[gogogo.com/en-ph/assets/flags/1x1/fi.svg]
[gogogo.com/en-ph/assets/flags/4x3/fj.svg]
[gogogo.com/en-ph/assets/flags/1x1/fj.svg]
[gogogo.com/en-ph/assets/flags/4x3/fk.svg]
[gogogo.com/en-ph/assets/flags/1x1/fk.svg]
[gogogo.com/en-ph/assets/flags/4x3/fm.svg]
[gogogo.com/en-ph/assets/flags/1x1/fm.svg]
[gogogo.com/en-ph/assets/flags/4x3/fo.svg]
[gogogo.com/en-ph/assets/flags/1x1/fo.svg]
[gogogo.com/en-ph/assets/flags/4x3/fr.svg]
[gogogo.com/en-ph/assets/flags/1x1/fr.svg]
[gogogo.com/en-ph/assets/flags/4x3/ga.svg]
[gogogo.com/en-ph/assets/flags/1x1/ga.svg]
[gogogo.com/en-ph/assets/flags/4x3/gb.svg]
[gogogo.com/en-ph/assets/flags/1x1/gb.svg]
[gogogo.com/en-ph/assets/flags/4x3/gd.svg]
[gogogo.com/en-ph/assets/flags/1x1/gd.svg]
[gogogo.com/en-ph/assets/flags/4x3/ge.svg]
[gogogo.com/en-ph/assets/flags/1x1/ge.svg]
[gogogo.com/en-ph/assets/flags/4x3/gf.svg]
[gogogo.com/en-ph/assets/flags/1x1/gf.svg]
[gogogo.com/en-ph/assets/flags/4x3/gg.svg]
[gogogo.com/en-ph/assets/flags/1x1/gg.svg]
[gogogo.com/en-ph/assets/flags/4x3/gh.svg]
[gogogo.com/en-ph/assets/flags/1x1/gh.svg]
[gogogo.com/en-ph/assets/flags/4x3/gi.svg]
[gogogo.com/en-ph/assets/flags/1x1/gi.svg]
[gogogo.com/en-ph/assets/flags/4x3/gl.svg]
[gogogo.com/en-ph/assets/flags/1x1/gl.svg]
[gogogo.com/en-ph/assets/flags/4x3/gm.svg]
[gogogo.com/en-ph/assets/flags/1x1/gm.svg]
[gogogo.com/en-ph/assets/flags/4x3/gn.svg]
[gogogo.com/en-ph/assets/flags/1x1/gn.svg]
[gogogo.com/en-ph/assets/flags/4x3/gp.svg]
[gogogo.com/en-ph/assets/flags/1x1/gp.svg]
[gogogo.com/en-ph/assets/flags/4x3/gq.svg]
[gogogo.com/en-ph/assets/flags/1x1/gq.svg]
[gogogo.com/en-ph/assets/flags/4x3/gr.svg]
[gogogo.com/en-ph/assets/flags/1x1/gr.svg]
[gogogo.com/en-ph/assets/flags/4x3/gs.svg]
[gogogo.com/en-ph/assets/flags/1x1/gs.svg]
[gogogo.com/en-ph/assets/flags/4x3/gt.svg]
[gogogo.com/en-ph/assets/flags/1x1/gt.svg]
[gogogo.com/en-ph/assets/flags/4x3/gu.svg]
[gogogo.com/en-ph/assets/flags/1x1/gu.svg]
[gogogo.com/en-ph/assets/flags/4x3/gw.svg]
[gogogo.com/en-ph/assets/flags/1x1/gw.svg]
[gogogo.com/en-ph/assets/flags/4x3/gy.svg]
[gogogo.com/en-ph/assets/flags/1x1/gy.svg]
[gogogo.com/en-ph/assets/flags/4x3/hk.svg]
[gogogo.com/en-ph/assets/flags/1x1/hk.svg]
[gogogo.com/en-ph/assets/flags/4x3/hm.svg]
[gogogo.com/en-ph/assets/flags/1x1/hm.svg]
[gogogo.com/en-ph/assets/flags/4x3/hn.svg]
[gogogo.com/en-ph/assets/flags/1x1/hn.svg]
[gogogo.com/en-ph/assets/flags/4x3/hr.svg]
[gogogo.com/en-ph/assets/flags/1x1/hr.svg]
[gogogo.com/en-ph/assets/flags/4x3/ht.svg]
[gogogo.com/en-ph/assets/flags/1x1/ht.svg]
[gogogo.com/en-ph/assets/flags/4x3/hu.svg]
[gogogo.com/en-ph/assets/flags/1x1/hu.svg]
[gogogo.com/en-ph/assets/flags/4x3/id.svg]
[gogogo.com/en-ph/assets/flags/1x1/id.svg]
[gogogo.com/en-ph/assets/flags/4x3/ie.svg]
[gogogo.com/en-ph/assets/flags/1x1/ie.svg]
[gogogo.com/en-ph/assets/flags/4x3/il.svg]
[gogogo.com/en-ph/assets/flags/1x1/il.svg]
[gogogo.com/en-ph/assets/flags/1x1/im.svg]
[gogogo.com/en-ph/assets/flags/4x3/im.svg]
[gogogo.com/en-ph/assets/flags/4x3/in.svg]
[gogogo.com/en-ph/assets/flags/1x1/in.svg]
[gogogo.com/en-ph/assets/flags/4x3/io.svg]
[gogogo.com/en-ph/assets/flags/1x1/io.svg]
[gogogo.com/en-ph/assets/flags/4x3/iq.svg]
[gogogo.com/en-ph/assets/flags/1x1/iq.svg]
[gogogo.com/en-ph/assets/flags/4x3/ir.svg]
[gogogo.com/en-ph/assets/flags/1x1/ir.svg]
[gogogo.com/en-ph/assets/flags/4x3/is.svg]
[gogogo.com/en-ph/assets/flags/1x1/is.svg]
[gogogo.com/en-ph/assets/flags/4x3/it.svg]
[gogogo.com/en-ph/assets/flags/1x1/it.svg]
[gogogo.com/en-ph/assets/flags/4x3/je.svg]
[gogogo.com/en-ph/assets/flags/1x1/je.svg]
[gogogo.com/en-ph/assets/flags/4x3/jm.svg]
[gogogo.com/en-ph/assets/flags/1x1/jm.svg]
[gogogo.com/en-ph/assets/flags/4x3/jo.svg]
[gogogo.com/en-ph/assets/flags/1x1/jo.svg]
[gogogo.com/en-ph/assets/flags/4x3/jp.svg]
[gogogo.com/en-ph/assets/flags/1x1/jp.svg]
[gogogo.com/en-ph/assets/flags/4x3/ke.svg]
[gogogo.com/en-ph/assets/flags/1x1/ke.svg]
[gogogo.com/en-ph/assets/flags/4x3/kg.svg]
[gogogo.com/en-ph/assets/flags/1x1/kg.svg]
[gogogo.com/en-ph/assets/flags/4x3/kh.svg]
[gogogo.com/en-ph/assets/flags/1x1/kh.svg]
[gogogo.com/en-ph/assets/flags/4x3/ki.svg]
[gogogo.com/en-ph/assets/flags/1x1/ki.svg]
[gogogo.com/en-ph/assets/flags/4x3/km.svg]
[gogogo.com/en-ph/assets/flags/1x1/km.svg]
[gogogo.com/en-ph/assets/flags/4x3/kn.svg]
[gogogo.com/en-ph/assets/flags/1x1/kn.svg]
[gogogo.com/en-ph/assets/flags/4x3/kp.svg]
[gogogo.com/en-ph/assets/flags/1x1/kp.svg]
[gogogo.com/en-ph/assets/flags/4x3/kr.svg]
[gogogo.com/en-ph/assets/flags/1x1/kr.svg]
[gogogo.com/en-ph/assets/flags/4x3/kw.svg]
[gogogo.com/en-ph/assets/flags/1x1/kw.svg]
[gogogo.com/en-ph/assets/flags/4x3/ky.svg]
[gogogo.com/en-ph/assets/flags/1x1/ky.svg]
[gogogo.com/en-ph/assets/flags/4x3/kz.svg]
[gogogo.com/en-ph/assets/flags/1x1/kz.svg]
[gogogo.com/en-ph/assets/flags/4x3/la.svg]
[gogogo.com/en-ph/assets/flags/1x1/la.svg]
[gogogo.com/en-ph/assets/flags/4x3/lb.svg]
[gogogo.com/en-ph/assets/flags/1x1/lb.svg]
[gogogo.com/en-ph/assets/flags/4x3/lc.svg]
[gogogo.com/en-ph/assets/flags/1x1/lc.svg]
[gogogo.com/en-ph/assets/flags/4x3/li.svg]
[gogogo.com/en-ph/assets/flags/1x1/li.svg]
[gogogo.com/en-ph/assets/flags/4x3/lk.svg]
[gogogo.com/en-ph/assets/flags/1x1/lk.svg]
[gogogo.com/en-ph/assets/flags/4x3/lr.svg]
[gogogo.com/en-ph/assets/flags/1x1/lr.svg]
[gogogo.com/en-ph/assets/flags/4x3/ls.svg]
[gogogo.com/en-ph/assets/flags/1x1/ls.svg]
[gogogo.com/en-ph/assets/flags/4x3/lt.svg]
[gogogo.com/en-ph/assets/flags/1x1/lt.svg]
[gogogo.com/en-ph/assets/flags/4x3/lu.svg]
[gogogo.com/en-ph/assets/flags/1x1/lu.svg]
[gogogo.com/en-ph/assets/flags/4x3/lv.svg]
[gogogo.com/en-ph/assets/flags/1x1/lv.svg]
[gogogo.com/en-ph/assets/flags/4x3/ly.svg]
[gogogo.com/en-ph/assets/flags/1x1/ly.svg]
[gogogo.com/en-ph/assets/flags/4x3/ma.svg]
[gogogo.com/en-ph/assets/flags/1x1/ma.svg]
[gogogo.com/en-ph/assets/flags/4x3/mc.svg]
[gogogo.com/en-ph/assets/flags/1x1/mc.svg]
[gogogo.com/en-ph/assets/flags/4x3/md.svg]
[gogogo.com/en-ph/assets/flags/1x1/md.svg]
[gogogo.com/en-ph/assets/flags/4x3/me.svg]
[gogogo.com/en-ph/assets/flags/4x3/mf.svg]
[gogogo.com/en-ph/assets/flags/1x1/mf.svg]
[gogogo.com/en-ph/assets/flags/4x3/mg.svg]
[gogogo.com/en-ph/assets/flags/1x1/me.svg]
[gogogo.com/en-ph/assets/flags/1x1/mg.svg]
[gogogo.com/en-ph/assets/flags/4x3/mh.svg]
[gogogo.com/en-ph/assets/flags/1x1/mh.svg]
[gogogo.com/en-ph/assets/flags/4x3/mk.svg]
[gogogo.com/en-ph/assets/flags/1x1/mk.svg]
[gogogo.com/en-ph/assets/flags/4x3/ml.svg]
[gogogo.com/en-ph/assets/flags/1x1/ml.svg]
[gogogo.com/en-ph/assets/flags/4x3/mm.svg]
[gogogo.com/en-ph/assets/flags/1x1/mm.svg]
[gogogo.com/en-ph/assets/flags/4x3/mn.svg]
[gogogo.com/en-ph/assets/flags/1x1/mn.svg]
[gogogo.com/en-ph/assets/flags/4x3/mo.svg]
[gogogo.com/en-ph/assets/flags/1x1/mo.svg]
[gogogo.com/en-ph/assets/flags/4x3/mp.svg]
[gogogo.com/en-ph/assets/flags/1x1/mp.svg]
[gogogo.com/en-ph/assets/flags/4x3/mq.svg]
[gogogo.com/en-ph/assets/flags/1x1/mq.svg]
[gogogo.com/en-ph/assets/flags/4x3/mr.svg]
[gogogo.com/en-ph/assets/flags/1x1/mr.svg]
[gogogo.com/en-ph/assets/flags/4x3/ms.svg]
[gogogo.com/en-ph/assets/flags/1x1/ms.svg]
[gogogo.com/en-ph/assets/flags/4x3/mt.svg]
[gogogo.com/en-ph/assets/flags/1x1/mt.svg]
[gogogo.com/en-ph/assets/flags/4x3/mu.svg]
[gogogo.com/en-ph/assets/flags/1x1/mu.svg]
[gogogo.com/en-ph/assets/flags/4x3/mv.svg]
[gogogo.com/en-ph/assets/flags/1x1/mv.svg]
[gogogo.com/en-ph/assets/flags/4x3/mw.svg]
[gogogo.com/en-ph/assets/flags/1x1/mw.svg]
[gogogo.com/en-ph/assets/flags/4x3/mx.svg]
[gogogo.com/en-ph/assets/flags/1x1/mx.svg]
[gogogo.com/en-ph/assets/flags/4x3/my.svg]
[gogogo.com/en-ph/assets/flags/1x1/my.svg]
[gogogo.com/en-ph/assets/flags/4x3/mz.svg]
[gogogo.com/en-ph/assets/flags/1x1/mz.svg]
[gogogo.com/en-ph/assets/flags/4x3/na.svg]
[gogogo.com/en-ph/assets/flags/1x1/na.svg]
[gogogo.com/en-ph/assets/flags/4x3/nc.svg]
[gogogo.com/en-ph/assets/flags/1x1/nc.svg]
[gogogo.com/en-ph/assets/flags/4x3/ne.svg]
[gogogo.com/en-ph/assets/flags/1x1/ne.svg]
[gogogo.com/en-ph/assets/flags/4x3/nf.svg]
[gogogo.com/en-ph/assets/flags/1x1/nf.svg]
[gogogo.com/en-ph/assets/flags/4x3/ng.svg]
[gogogo.com/en-ph/assets/flags/1x1/ng.svg]
[gogogo.com/en-ph/assets/flags/4x3/ni.svg]
[gogogo.com/en-ph/assets/flags/1x1/ni.svg]
[gogogo.com/en-ph/assets/flags/4x3/nl.svg]
[gogogo.com/en-ph/assets/flags/1x1/nl.svg]
[gogogo.com/en-ph/assets/flags/4x3/no.svg]
[gogogo.com/en-ph/assets/flags/1x1/no.svg]
[gogogo.com/en-ph/assets/flags/4x3/np.svg]
[gogogo.com/en-ph/assets/flags/1x1/np.svg]
[gogogo.com/en-ph/assets/flags/4x3/nr.svg]
[gogogo.com/en-ph/assets/flags/1x1/nr.svg]
[gogogo.com/en-ph/assets/flags/4x3/nu.svg]
[gogogo.com/en-ph/assets/flags/1x1/nu.svg]
[gogogo.com/en-ph/assets/flags/4x3/nz.svg]
[gogogo.com/en-ph/assets/flags/1x1/nz.svg]
[gogogo.com/en-ph/assets/flags/4x3/om.svg]
[gogogo.com/en-ph/assets/flags/1x1/om.svg]
[gogogo.com/en-ph/assets/flags/4x3/pa.svg]
[gogogo.com/en-ph/assets/flags/1x1/pa.svg]
[gogogo.com/en-ph/assets/flags/4x3/pe.svg]
[gogogo.com/en-ph/assets/flags/1x1/pe.svg]
[gogogo.com/en-ph/assets/flags/4x3/pf.svg]
[gogogo.com/en-ph/assets/flags/1x1/pf.svg]
[gogogo.com/en-ph/assets/flags/4x3/pg.svg]
[gogogo.com/en-ph/assets/flags/1x1/pg.svg]
[gogogo.com/en-ph/assets/flags/4x3/ph.svg]
[gogogo.com/en-ph/assets/flags/1x1/ph.svg]
[gogogo.com/en-ph/assets/flags/4x3/pk.svg]
[gogogo.com/en-ph/assets/flags/1x1/pk.svg]
[gogogo.com/en-ph/assets/flags/4x3/pl.svg]
[gogogo.com/en-ph/assets/flags/1x1/pl.svg]
[gogogo.com/en-ph/assets/flags/4x3/pm.svg]
[gogogo.com/en-ph/assets/flags/1x1/pm.svg]
[gogogo.com/en-ph/assets/flags/4x3/pn.svg]
[gogogo.com/en-ph/assets/flags/1x1/pn.svg]
[gogogo.com/en-ph/assets/flags/4x3/pr.svg]
[gogogo.com/en-ph/assets/flags/1x1/pr.svg]
[gogogo.com/en-ph/assets/flags/4x3/ps.svg]
[gogogo.com/en-ph/assets/flags/1x1/ps.svg]
[gogogo.com/en-ph/assets/flags/4x3/pt.svg]
[gogogo.com/en-ph/assets/flags/1x1/pt.svg]
[gogogo.com/en-ph/assets/flags/4x3/pw.svg]
[gogogo.com/en-ph/assets/flags/1x1/pw.svg]
[gogogo.com/en-ph/assets/flags/4x3/py.svg]
[gogogo.com/en-ph/assets/flags/1x1/py.svg]
[gogogo.com/en-ph/assets/flags/4x3/qa.svg]
[gogogo.com/en-ph/assets/flags/1x1/qa.svg]
[gogogo.com/en-ph/assets/flags/4x3/re.svg]
[gogogo.com/en-ph/assets/flags/1x1/re.svg]
[gogogo.com/en-ph/assets/flags/4x3/ro.svg]
[gogogo.com/en-ph/assets/flags/1x1/ro.svg]
[gogogo.com/en-ph/assets/flags/4x3/rs.svg]
[gogogo.com/en-ph/assets/flags/1x1/rs.svg]
[gogogo.com/en-ph/assets/flags/4x3/ru.svg]
[gogogo.com/en-ph/assets/flags/1x1/ru.svg]
[gogogo.com/en-ph/assets/flags/4x3/rw.svg]
[gogogo.com/en-ph/assets/flags/1x1/rw.svg]
[gogogo.com/en-ph/assets/flags/4x3/sa.svg]
[gogogo.com/en-ph/assets/flags/1x1/sa.svg]
[gogogo.com/en-ph/assets/flags/4x3/sb.svg]
[gogogo.com/en-ph/assets/flags/1x1/sb.svg]
[gogogo.com/en-ph/assets/flags/4x3/sc.svg]
[gogogo.com/en-ph/assets/flags/1x1/sc.svg]
[gogogo.com/en-ph/assets/flags/4x3/sd.svg]
[gogogo.com/en-ph/assets/flags/1x1/sd.svg]
[gogogo.com/en-ph/assets/flags/4x3/se.svg]
[gogogo.com/en-ph/assets/flags/1x1/se.svg]
[gogogo.com/en-ph/assets/flags/4x3/sg.svg]
[gogogo.com/en-ph/assets/flags/1x1/sg.svg]
[gogogo.com/en-ph/assets/flags/4x3/sh.svg]
[gogogo.com/en-ph/assets/flags/1x1/sh.svg]
[gogogo.com/en-ph/assets/flags/4x3/si.svg]
[gogogo.com/en-ph/assets/flags/1x1/si.svg]
[gogogo.com/en-ph/assets/flags/4x3/sj.svg]
[gogogo.com/en-ph/assets/flags/1x1/sj.svg]
[gogogo.com/en-ph/assets/flags/4x3/sk.svg]
[gogogo.com/en-ph/assets/flags/1x1/sk.svg]
[gogogo.com/en-ph/assets/flags/4x3/sl.svg]
[gogogo.com/en-ph/assets/flags/1x1/sl.svg]
[gogogo.com/en-ph/assets/flags/4x3/sm.svg]
[gogogo.com/en-ph/assets/flags/1x1/sm.svg]
[gogogo.com/en-ph/assets/flags/4x3/sn.svg]
[gogogo.com/en-ph/assets/flags/1x1/sn.svg]
[gogogo.com/en-ph/assets/flags/4x3/so.svg]
[gogogo.com/en-ph/assets/flags/1x1/so.svg]
[gogogo.com/en-ph/assets/flags/4x3/sr.svg]
[gogogo.com/en-ph/assets/flags/1x1/sr.svg]
[gogogo.com/en-ph/assets/flags/4x3/ss.svg]
[gogogo.com/en-ph/assets/flags/1x1/ss.svg]
[gogogo.com/en-ph/assets/flags/4x3/st.svg]
[gogogo.com/en-ph/assets/flags/1x1/st.svg]
[gogogo.com/en-ph/assets/flags/4x3/sv.svg]
[gogogo.com/en-ph/assets/flags/1x1/sv.svg]
[gogogo.com/en-ph/assets/flags/4x3/sx.svg]
[gogogo.com/en-ph/assets/flags/1x1/sx.svg]
[gogogo.com/en-ph/assets/flags/4x3/sy.svg]
[gogogo.com/en-ph/assets/flags/1x1/sy.svg]
[gogogo.com/en-ph/assets/flags/4x3/sz.svg]
[gogogo.com/en-ph/assets/flags/1x1/sz.svg]
[gogogo.com/en-ph/assets/flags/4x3/tc.svg]
[gogogo.com/en-ph/assets/flags/1x1/tc.svg]
[gogogo.com/en-ph/assets/flags/4x3/td.svg]
[gogogo.com/en-ph/assets/flags/1x1/td.svg]
[gogogo.com/en-ph/assets/flags/4x3/tf.svg]
[gogogo.com/en-ph/assets/flags/1x1/tf.svg]
[gogogo.com/en-ph/assets/flags/4x3/tg.svg]
[gogogo.com/en-ph/assets/flags/1x1/tg.svg]
[gogogo.com/en-ph/assets/flags/4x3/th.svg]
[gogogo.com/en-ph/assets/flags/1x1/th.svg]
[gogogo.com/en-ph/assets/flags/4x3/tj.svg]
[gogogo.com/en-ph/assets/flags/1x1/tj.svg]
[gogogo.com/en-ph/assets/flags/4x3/tk.svg]
[gogogo.com/en-ph/assets/flags/1x1/tk.svg]
[gogogo.com/en-ph/assets/flags/4x3/tl.svg]
[gogogo.com/en-ph/assets/flags/1x1/tl.svg]
[gogogo.com/en-ph/assets/flags/4x3/tm.svg]
[gogogo.com/en-ph/assets/flags/1x1/tm.svg]
[gogogo.com/en-ph/assets/flags/4x3/tn.svg]
[gogogo.com/en-ph/assets/flags/1x1/tn.svg]
[gogogo.com/en-ph/assets/flags/4x3/to.svg]
[gogogo.com/en-ph/assets/flags/1x1/to.svg]
[gogogo.com/en-ph/assets/flags/4x3/tr.svg]
[gogogo.com/en-ph/assets/flags/1x1/tr.svg]
[gogogo.com/en-ph/assets/flags/4x3/tt.svg]
[gogogo.com/en-ph/assets/flags/1x1/tt.svg]
[gogogo.com/en-ph/assets/flags/4x3/tv.svg]
[gogogo.com/en-ph/assets/flags/1x1/tv.svg]
[gogogo.com/en-ph/assets/flags/4x3/tw.svg]
[gogogo.com/en-ph/assets/flags/1x1/tw.svg]
[gogogo.com/en-ph/assets/flags/4x3/tz.svg]
[gogogo.com/en-ph/assets/flags/1x1/tz.svg]
[gogogo.com/en-ph/assets/flags/4x3/ua.svg]
[gogogo.com/en-ph/assets/flags/1x1/ua.svg]
[gogogo.com/en-ph/assets/flags/4x3/ug.svg]
[gogogo.com/en-ph/assets/flags/1x1/ug.svg]
[gogogo.com/en-ph/assets/flags/4x3/um.svg]
[gogogo.com/en-ph/assets/flags/1x1/um.svg]
[gogogo.com/en-ph/assets/flags/4x3/us.svg]
[gogogo.com/en-ph/assets/flags/1x1/us.svg]
[gogogo.com/en-ph/assets/flags/4x3/uy.svg]
[gogogo.com/en-ph/assets/flags/1x1/uy.svg]
[gogogo.com/en-ph/assets/flags/4x3/uz.svg]
[gogogo.com/en-ph/assets/flags/1x1/uz.svg]
[gogogo.com/en-ph/assets/flags/4x3/va.svg]
[gogogo.com/en-ph/assets/flags/1x1/va.svg]
[gogogo.com/en-ph/assets/flags/4x3/vc.svg]
[gogogo.com/en-ph/assets/flags/1x1/vc.svg]
[gogogo.com/en-ph/assets/flags/4x3/ve.svg]
[gogogo.com/en-ph/assets/flags/1x1/ve.svg]
[gogogo.com/en-ph/assets/flags/4x3/vg.svg]
[gogogo.com/en-ph/assets/flags/1x1/vg.svg]
[gogogo.com/en-ph/assets/flags/4x3/vi.svg]
[gogogo.com/en-ph/assets/flags/1x1/vi.svg]
[gogogo.com/en-ph/assets/flags/4x3/vn.svg]
[gogogo.com/en-ph/assets/flags/1x1/vn.svg]
[gogogo.com/en-ph/assets/flags/4x3/vu.svg]
[gogogo.com/en-ph/assets/flags/1x1/vu.svg]
[gogogo.com/en-ph/assets/flags/4x3/wf.svg]
[gogogo.com/en-ph/assets/flags/1x1/wf.svg]
[gogogo.com/en-ph/assets/flags/4x3/ws.svg]
[gogogo.com/en-ph/assets/flags/1x1/ws.svg]
[gogogo.com/en-ph/assets/flags/4x3/ye.svg]
[gogogo.com/en-ph/assets/flags/1x1/ye.svg]
[gogogo.com/en-ph/assets/flags/4x3/yt.svg]
[gogogo.com/en-ph/assets/flags/1x1/yt.svg]
[gogogo.com/en-ph/assets/flags/4x3/za.svg]
[gogogo.com/en-ph/assets/flags/1x1/za.svg]
[gogogo.com/en-ph/assets/flags/4x3/zm.svg]
[gogogo.com/en-ph/assets/flags/1x1/zm.svg]
[gogogo.com/en-ph/assets/flags/4x3/zw.svg]
[gogogo.com/en-ph/assets/flags/1x1/zw.svg]
[gogogo.com/en-ph/assets/flags/4x3/es-ct.svg]
[gogogo.com/en-ph/assets/flags/1x1/es-ct.svg]
[gogogo.com/en-ph/assets/flags/4x3/eu.svg]
[gogogo.com/en-ph/assets/flags/1x1/eu.svg]
[gogogo.com/en-ph/assets/flags/4x3/gb-eng.svg]
[gogogo.com/en-ph/assets/flags/1x1/gb-eng.svg]
[gogogo.com/en-ph/assets/flags/4x3/gb-nir.svg]
[gogogo.com/en-ph/assets/flags/1x1/gb-nir.svg]
[gogogo.com/en-ph/assets/flags/4x3/gb-sct.svg]
[gogogo.com/en-ph/assets/flags/1x1/gb-sct.svg]
[gogogo.com/en-ph/assets/flags/4x3/gb-wls.svg]
[gogogo.com/en-ph/assets/flags/1x1/gb-wls.svg]
[gogogo.com/en-ph/assets/flags/4x3/un.svg]
[gogogo.com/en-ph/assets/css/icons.css]
[gogogo.com/en-ph/assets/flags/1x1/un.svg]
[gogogo.com/en-ph/assets/images/textures/1.png]
[gogogo.com/en-ph/assets/images/textures/2.png]
[gogogo.com/en-ph/assets/images/textures/3.png]
[gogogo.com/en-ph/assets/images/textures/4.png]
[gogogo.com/en-ph/assets/images/textures/5.png]
[gogogo.com/en-ph/assets/images/textures/texture-a.png]
[gogogo.com/en-ph/assets/images/textures/texture-b.png]
[gogogo.com/en-ph/assets/images/textures/texture-c.png]
[gogogo.com/en-ph/assets/images/textures/texture-d.png]
[gogogo.com/en-ph/assets/images/textures/texture-e.png]
[gogogo.com/en-ph/assets/images/textures/texture-f.png]
[gogogo.com/en-ph/assets/images/error-texture.png]
[gogogo.com/en-ph/assets/images/coming-soon.png]
[gogogo.com/en-ph/assets/css/app-style.css]
[gogogo.com/en-ph/upload/footer.png]
[gogogo.com/en-ph/assets/css/style-main.css]
[cdnjs.cloudflare.com/ajax/libs/material-design-iconic-font/2.2.0/css/material-design-iconic-font.min.css]
[cdnjs.cloudflare.com/ajax/libs/font-awesome/4.7.0/css/font-awesome.min.css]
[cdnjs.cloudflare.com/ajax/libs/font-awesome/4.7.0/fonts/fontawesome-webfont3e6e.svg]
[fonts.googleapis.com/index.html]
[fonts.gstatic.com/index.html]
[fonts.googleapis.com/css22f37.css]
[fonts.googleapis.com/icone91f.css]
[unpkg.com/bootstrap-table@1.21.0/dist/bootstrap-table.min.css]
[gogogo.com/en-ph/assets/plugins/bootstrap-datatable/css/dataTables.bootstrap4.min.css]
[cdn.jsdelivr.net/npm/swiper/swiper-bundle.min.css]
[gogogo.com/en-ph/link.href, window.location.html]
[www.googletagmanager.com/gtm5445.html]
[gogogo.com/en-ph/terms-and-conditions.html]
[gogogo.com/en-ph/privacy-policy.html]
[unpkg.com/bootstrap-table@1.22.0/dist/bootstrap-table.min.css]
[cdn.jsdelivr.net/npm/bootstrap-icons@1.6.0/font/bootstrap-icons.css]
[unpkg.com/bootstrap-table@1.22.0/dist/bootstrap-table.min.js]
[unpkg.com/bootstrap-table@1.22.0/dist/extensions/auto-refresh/bootstrap-table-auto-refresh.min.js]
[unpkg.com/bootstrap-table@1.22.0/dist/extensions/filter-control/bootstrap-table-filter-control.min.js]
[cdn.jsdelivr.net/npm/tableexport.jquery.plugin@1.10.21/tableExport.min.js]
[gogogo.com/en-ph/payment.html]
[unpkg.com/bootstrap-table@1.22.0/dist/extensions/export/bootstrap-table-export.min.js]
[gogogo.com/en-ph/assets/images/post/promo_banner _eng.png]
[cdnjs.cloudflare.com/ajax/libs/bootpag/1.0.0/bootpag.min.css]
[cdn.jsdelivr.net/gh/botmonster/jquery-bootpag@master/lib/jquery.bootpag.min.js]
[gogogo.com/en-ph/promo-detail/${post.url}]
[gogogo.com/en-ph/assets/images/promo/${post.image}]
[gogogo.com/en-ph/promotion.html]
[gogogo.com/en-ph/register.html]
[gogogo.com/en-ph/promo-detail/link.href, window.location.origin]
[gogogo.com/en-ph/assets/images/promo/1765280299_020c539343cfc6f3da81.webp]
[gogogo.com/en-ph/promo-detail/top-up-any-game-sa-gogogo-get-10-off.html]
[gogogo.com/en-ph/games/link.href, window.location.2b6.delayed]
[gogogo.com/en-ph/assets/images/games/subimage/1765344494_515c62a82303c22c20f9.webp]
[gogogo.com/en-ph/assets/images/games/subimage/1765344494_a86530b6ddb5fd0cd43c.webp]
[gogogo.com/en-ph/assets/images/product/1766133505_f218051cdeda4c152529.webp]
[gogogo.com/en-ph/assets/images/method/1735370422_0c531942df1f2db0e999.webp]
[gogogo.com/en-ph/assets/images/method/spay.png]
[gogogo.com/en-ph/assets/images/method/1735370451_542eed69600c41dd24c4.png]
[gogogo.com/en-ph/assets/images/loading.gif]
[gogogo.com/en-ph/games/mobile-legends-games-ph3467.html]
[gogogo.com/en-ph/games/mobile-legends-games-phd959.html]
[gogogo.com/en-ph/games/mobile-legends-games-phe232.html]
[gogogo.com/en-ph/games/mobile-legends-games-ph.html]
[gogogo.com/en-ph/assets/images/games/subimage/1765344533_a1f5c3a4993f6e9ac9a4.webp]
[gogogo.com/en-ph/assets/images/games/subimage/1765344533_75364b81067f50d3881d.webp]
[gogogo.com/en-ph/assets/images/product/1767077015_4365cfe7d1dbfe580e9b.webp]
[gogogo.com/en-ph/assets/images/product/1767077111_aa4c4a68e8049e7c4977.png]
[gogogo.com/en-ph/games/magic-chess-go-go.html]
[gogogo.com/en-ph/assets/images/games/subimage/1765344682_f67fa5caad84d6133837.webp]
[gogogo.com/en-ph/assets/images/games/subimage/1765344682_e9e25384268197a4387c.webp]
[gogogo.com/en-ph/assets/images/product/1766542786_a74c3f55ca1e2b5f84ec.webp]
[gogogo.com/en-ph/assets/images/product/1766542987_562b5f03976887afbde8.jpg]
[gogogo.com/en-ph/assets/images/product/1766542905_39fa53573a655a4bae88.png]
[gogogo.com/en-ph/assets/images/product/1766542932_402a4218a5aa02edd4ca.png]
[gogogo.com/en-ph/assets/images/product/1766542761_8df29a5b51f9f3b99814.webp]
[gogogo.com/en-ph/games/genshin-crystal-games.html]
[gogogo.com/en-ph/assets/images/games/subimage/1761285803_555520ad881b09086d8a.webp]
[gogogo.com/en-ph/assets/images/games/subimage/1761285803_1db7d00f4a9ef618f088.webp]
[gogogo.com/en-ph/assets/images/product/1760881784_232f0c48116dfa4f2550.webp]
[gogogo.com/en-ph/games/roblox-gift-card.html]
[gogogo.com/en-ph/assets/images/games/subimage/1765344615_7fa42923db94053474c5.webp]
[gogogo.com/en-ph/assets/images/games/subimage/1765344615_989e0f406bcd66af7608.webp]
[gogogo.com/en-ph/assets/images/product/1761728309_547f7e31fbba9312df48.png]
[gogogo.com/en-ph/games/chamet.html]
[gogogo.com/en-ph/assets/images/games/subimage/1765344652_83975bc1c83649470929.webp]
[gogogo.com/en-ph/assets/images/games/subimage/1765344652_b440e805b115d3fb3983.webp]
[gogogo.com/en-ph/assets/images/product/1761731584_26501ea4d9a265ec82b8.png]
[gogogo.com/en-ph/games/poppo-live.html]
[gogogo.com/en-ph/assets/images/games/subimage/1765345852_bb33ba3b7e747c36ca24.webp]
[gogogo.com/en-ph/assets/images/games/subimage/1765345852_b6e9883af2066866809d.webp]
[gogogo.com/en-ph/assets/images/product/1764659567_7e7b0a16ee44ae2faf05.jpg]
[gogogo.com/en-ph/assets/images/product/1767066359_dd2fdcd4a459679c6ff7.jpg]
[gogogo.com/en-ph/games/blood-strike-by-netease.html]
[gogogo.com/en-ph/assets/images/games/subimage/1765345888_81b0c966f38498618d71.webp]
[gogogo.com/en-ph/assets/images/games/subimage/1765345888_ec39eea6f92d12fd397c.webp]
[gogogo.com/en-ph/games/dragon-nest-m-classic.html]
[gogogo.com/en-ph/assets/images/games/subimage/1765345916_9e5b139fe653b6d38e17.webp]
[gogogo.com/en-ph/assets/images/games/subimage/1765345916_d08bc9bd374e13cbb259.webp]
[gogogo.com/en-ph/assets/images/product/1764659065_59c491d62c9abe856628.jpg]
[gogogo.com/en-ph/games/voucher-garena-shells-games.html]
[gogogo.com/en-ph/assets/images/games/subimage/1765346806_f7a64826e3268c647595.webp]
[gogogo.com/en-ph/assets/images/games/subimage/1765346806_bf52e8477c1c981c118a.webp]
[gogogo.com/en-ph/games/honkai-star-rail-philippine.html]
[gogogo.com/en-ph/assets/images/games/subimage/1765347172_38bcdcd9ad49cc7bbf57.webp]
[gogogo.com/en-ph/assets/images/games/subimage/1765347172_aee29e5221a88fb2a3fd.webp]
[gogogo.com/en-ph/assets/images/product/1760881703_14ac5526ea53f615d308.png]
[gogogo.com/en-ph/games/valorant.html]
[gogogo.com/en-ph/assets/images/games/subimage/1765347204_16f51f06b499f44762a4.webp]
[gogogo.com/en-ph/assets/images/games/subimage/1765347204_97bbc1b615c9f0347bae.webp]
[gogogo.com/en-ph/assets/images/product/1764818093_cb796811a6ac954d959c.jpg]
[gogogo.com/en-ph/games/crossfire.html]
[gogogo.com/en-ph/assets/images/games/subimage/1765347276_d89e8900cbaf0fdbef75.webp]
[gogogo.com/en-ph/assets/images/games/subimage/1765347276_d1af90ed4cb5ad7eed12.webp]
[gogogo.com/en-ph/assets/images/product/1764951930_0fb42961bd3d0f4ff8a8.jpg]
[gogogo.com/en-ph/games/wuthering-waves.html]
[gogogo.com/en-ph/assets/images/games/subimage/1764578707_620b73adc5e9932c4107.webp]
[gogogo.com/en-ph/assets/images/games/subimage/1764578707_c085cdffd1c1df32846b.webp]
[gogogo.com/en-ph/games/delta-force-steam.html]
[gogogo.com/en-ph/assets/images/games/subimage/1763892381_047e79bc27de94cc5105.webp]
[gogogo.com/en-ph/assets/images/games/subimage/1763892381_1dc23694c6d961aa63c8.webp]
[gogogo.com/en-ph/games/pubg-mobile-global.html]
[gogogo.com/en-ph/assets/images/games/subimage/1760882269_041c53a8ac5d9c9c61b4.webp]
[gogogo.com/en-ph/assets/images/games/subimage/1760882269_2b7dc920ae479020a8b8.webp]
[gogogo.com/en-ph/games/ragnarok-m-classic-uid.html]
[gogogo.com/en-ph/assets/images/games/subimage/1763297069_90a378ad7db7d55aa379.webp]
[gogogo.com/en-ph/assets/images/games/subimage/1763297069_15bf93cc1729109e4615.webp]
[gogogo.com/en-ph/games/mobile-legends-malaysia.html]
[gogogo.com/en-ph/assets/images/games/subimage/WEBSITE-NONPROMOGENERALHEADERTRANSACTIONIMAGE_Desktop.webp]
[gogogo.com/en-ph/assets/images/games/subimage/WEBSITE-NONPROMOGENERALHEADERTRANSACTIONIMAGE_Mobile.webp]
[gogogo.com/en-ph/games/honor-of-kings-games.html]
[gogogo.com/en-ph/games/steam-wallet-code.html]
[gogogo.com/en-ph/assets/images/games/subimage/1764563435_3093bcd192173787b409.webp]
[gogogo.com/en-ph/assets/images/games/subimage/1764563435_1f41cd4e23df6caf88a0.webp]
[gogogo.com/en-ph/games/crystal-of-atlan.html]
[gogogo.com/en-ph/games/voucher-razer-gold-games.html]
[gogogo.com/en-ph/games/palworld-games.html]
[gogogo.com/en-ph/assets/images/games/subimage/1764562578_46e59591d5f0224a73b1.webp]
[gogogo.com/en-ph/assets/images/games/subimage/1764562578_d189f3003aa1051ef42a.webp]
[gogogo.com/en-ph/games/voucher-free-fire.html]
[gogogo.com/en-ph/assets/images/games/subimage/1764562642_76cb7da1494b3b8dc3b0.webp]
[gogogo.com/en-ph/assets/images/games/subimage/1764562642_e89d285f5e99bc960c8a.webp]
[gogogo.com/en-ph/games/discord-nitro.html]
[gogogo.com/en-ph/assets/images/games/subimage/1764645734_65a1907dd3168a60bf5d.webp]
[gogogo.com/en-ph/assets/images/games/subimage/1764645734_cb20495bb5855184a5c7.webp]
[gogogo.com/en-ph/games/night-crows.html]
[gogogo.com/en-ph/assets/images/games/subimage/1764668040_bc6ed2c31bc03730121f.webp]
[gogogo.com/en-ph/assets/images/games/subimage/1764668040_40397a6e188ea03f4ca1.webp]
[gogogo.com/en-ph/games/palworld.html]
[gogogo.com/en-ph/games/voucher-minecraft.html]
[gogogo.com/en-ph/assets/images/games/subimage/1764668230_424a386bebf71c23c4a3.webp]
[gogogo.com/en-ph/assets/images/games/subimage/1764668230_85664cc8aa785aa90f58.webp]
[gogogo.com/en-ph/games/target-gift-card.html]
[gogogo.com/en-ph/assets/images/games/subimage/1764668339_668d0b901c0ab15552d2.webp]
[gogogo.com/en-ph/assets/images/games/subimage/1764668339_5966053489db736658ce.webp]
[gogogo.com/en-ph/games/viu.html]
[gogogo.com/en-ph/games/bigo-live.html]
[gogogo.com/en-ph/games/starmaker-karaoke.html]
[gogogo.com/en-ph/games/bstation-bilibili.html]
[gogogo.com/en-ph/games/wesing.html]
[gogogo.com/en-ph/assets/images/games/subimage/1764562067_ab309d2e38ca9ff8ad67.webp]
[gogogo.com/en-ph/assets/images/games/subimage/1764562563_19cc07d0f5916565149e.webp]
[gogogo.com/en-ph/games/lita.html]
[gogogo.com/en-ph/home/load_more_games.html]
[gogogo.com/en-ph/home/show_less_games.html]
[gogogo.com/en-ph/assets/fonts/fontawesome-webfont3e6e.svg]
[gogogo.com/en-ph/assets/fonts/themify9f24.svg]
[gogogo.com/en-ph/assets/fonts/Simple-Line-Iconsb26c.svg]
[gogogo.com/en-ph/assets/font/weathericons-regular-webfont.html]
[gogogo.com/en-ph/assets/font/weathericons-regular-webfont-2.html]
[gogogo.com/en-ph/assets/font/weathericons-regular-webfont-3.html]
[gogogo.com/en-ph/assets/flags/4x3/ad.svg]
[gogogo.com/en-ph/assets/flags/1x1/ad.svg]
[gogogo.com/en-ph/assets/flags/4x3/ae.svg]
[gogogo.com/en-ph/assets/flags/1x1/ae.svg]
[gogogo.com/en-ph/assets/flags/4x3/af.svg]
[gogogo.com/en-ph/assets/flags/1x1/af.svg]
[gogogo.com/en-ph/assets/flags/4x3/ag.svg]
[gogogo.com/en-ph/assets/flags/1x1/ag.svg]
[gogogo.com/en-ph/assets/flags/4x3/ai.svg]
[gogogo.com/en-ph/assets/flags/1x1/ai.svg]
[gogogo.com/en-ph/assets/flags/4x3/al.svg]
[gogogo.com/en-ph/assets/flags/1x1/al.svg]
[gogogo.com/en-ph/assets/flags/4x3/am.svg]
[gogogo.com/en-ph/assets/flags/1x1/am.svg]
[gogogo.com/en-ph/assets/flags/4x3/ao.svg]
[gogogo.com/en-ph/assets/flags/1x1/ao.svg]
[gogogo.com/en-ph/assets/flags/4x3/aq.svg]
[gogogo.com/en-ph/assets/flags/1x1/aq.svg]
[gogogo.com/en-ph/assets/flags/4x3/ar.svg]
[gogogo.com/en-ph/assets/flags/1x1/ar.svg]
[gogogo.com/en-ph/assets/flags/4x3/as.svg]
[gogogo.com/en-ph/assets/flags/1x1/as.svg]
[gogogo.com/en-ph/assets/flags/4x3/at.svg]
[gogogo.com/en-ph/assets/flags/1x1/at.svg]
[gogogo.com/en-ph/assets/flags/4x3/au.svg]
[gogogo.com/en-ph/assets/flags/1x1/au.svg]
[gogogo.com/en-ph/assets/flags/4x3/aw.svg]
[gogogo.com/en-ph/assets/flags/1x1/aw.svg]
[gogogo.com/en-ph/assets/flags/4x3/ax.svg]
[gogogo.com/en-ph/assets/flags/1x1/ax.svg]
[gogogo.com/en-ph/assets/flags/4x3/az.svg]
[gogogo.com/en-ph/assets/flags/1x1/az.svg]
[gogogo.com/en-ph/assets/flags/4x3/ba.svg]
[gogogo.com/en-ph/assets/flags/1x1/ba.svg]
[gogogo.com/en-ph/assets/flags/4x3/bb.svg]
[gogogo.com/en-ph/assets/flags/1x1/bb.svg]
[gogogo.com/en-ph/assets/flags/4x3/bd.svg]
[gogogo.com/en-ph/assets/flags/1x1/bd.svg]
[gogogo.com/en-ph/assets/flags/4x3/be.svg]
[gogogo.com/en-ph/assets/flags/1x1/be.svg]
[gogogo.com/en-ph/assets/flags/4x3/bf.svg]
[gogogo.com/en-ph/assets/flags/1x1/bf.svg]
[gogogo.com/en-ph/assets/flags/4x3/bg.svg]
[gogogo.com/en-ph/assets/flags/1x1/bg.svg]
[gogogo.com/en-ph/assets/flags/4x3/bh.svg]
[gogogo.com/en-ph/assets/flags/1x1/bh.svg]
[gogogo.com/en-ph/assets/flags/4x3/bi.svg]
[gogogo.com/en-ph/assets/flags/1x1/bi.svg]
[gogogo.com/en-ph/assets/flags/4x3/bj.svg]
[gogogo.com/en-ph/assets/flags/1x1/bj.svg]
[gogogo.com/en-ph/assets/flags/4x3/bl.svg]
[gogogo.com/en-ph/assets/flags/1x1/bl.svg]
[gogogo.com/en-ph/assets/flags/4x3/bm.svg]
[gogogo.com/en-ph/assets/flags/1x1/bm.svg]
[gogogo.com/en-ph/assets/flags/4x3/bn.svg]
[gogogo.com/en-ph/assets/flags/1x1/bn.svg]
[gogogo.com/en-ph/assets/flags/4x3/bo.svg]
[gogogo.com/en-ph/assets/flags/1x1/bo.svg]
[gogogo.com/en-ph/assets/flags/4x3/bq.svg]
[gogogo.com/en-ph/assets/flags/1x1/bq.svg]
[gogogo.com/en-ph/assets/flags/4x3/br.svg]
[gogogo.com/en-ph/assets/flags/1x1/br.svg]
[gogogo.com/en-ph/assets/flags/4x3/bs.svg]
[gogogo.com/en-ph/assets/flags/1x1/bs.svg]
[gogogo.com/en-ph/assets/flags/4x3/bt.svg]
[gogogo.com/en-ph/assets/flags/1x1/bt.svg]
[gogogo.com/en-ph/assets/flags/4x3/bv.svg]
[gogogo.com/en-ph/assets/flags/1x1/bv.svg]
[gogogo.com/en-ph/assets/flags/4x3/bw.svg]
[gogogo.com/en-ph/assets/flags/1x1/bw.svg]
[gogogo.com/en-ph/assets/flags/4x3/by.svg]
[gogogo.com/en-ph/assets/flags/1x1/by.svg]
[gogogo.com/en-ph/assets/flags/4x3/bz.svg]
[gogogo.com/en-ph/assets/flags/1x1/bz.svg]
[gogogo.com/en-ph/assets/flags/4x3/ca.svg]
[gogogo.com/en-ph/assets/flags/1x1/ca.svg]
[gogogo.com/en-ph/assets/flags/4x3/cc.svg]
[gogogo.com/en-ph/assets/flags/1x1/cc.svg]
[gogogo.com/en-ph/assets/flags/4x3/cd.svg]
[gogogo.com/en-ph/assets/flags/1x1/cd.svg]
[gogogo.com/en-ph/assets/flags/4x3/cf.svg]
[gogogo.com/en-ph/assets/flags/1x1/cf.svg]
[gogogo.com/en-ph/assets/flags/4x3/cg.svg]
[gogogo.com/en-ph/assets/flags/1x1/cg.svg]
[gogogo.com/en-ph/assets/flags/4x3/ch.svg]
[gogogo.com/en-ph/assets/flags/1x1/ch.svg]
[gogogo.com/en-ph/assets/flags/4x3/ci.svg]
[gogogo.com/en-ph/assets/flags/1x1/ci.svg]
[gogogo.com/en-ph/assets/flags/4x3/ck.svg]
[gogogo.com/en-ph/assets/flags/1x1/ck.svg]
[gogogo.com/en-ph/assets/flags/4x3/cl.svg]
[gogogo.com/en-ph/assets/flags/1x1/cl.svg]
[gogogo.com/en-ph/assets/flags/4x3/cm.svg]
[gogogo.com/en-ph/assets/flags/1x1/cm.svg]
[gogogo.com/en-ph/assets/flags/4x3/cn.svg]
[gogogo.com/en-ph/assets/flags/1x1/cn.svg]
[gogogo.com/en-ph/assets/flags/4x3/co.svg]
[gogogo.com/en-ph/assets/flags/1x1/co.svg]
[gogogo.com/en-ph/assets/flags/4x3/cr.svg]
[gogogo.com/en-ph/assets/flags/1x1/cr.svg]
[gogogo.com/en-ph/assets/flags/4x3/cu.svg]
[gogogo.com/en-ph/assets/flags/1x1/cu.svg]
[gogogo.com/en-ph/assets/flags/4x3/cv.svg]
[gogogo.com/en-ph/assets/flags/1x1/cv.svg]
[gogogo.com/en-ph/assets/flags/4x3/cw.svg]
[gogogo.com/en-ph/assets/flags/1x1/cw.svg]
[gogogo.com/en-ph/assets/flags/4x3/cx.svg]
[gogogo.com/en-ph/assets/flags/1x1/cx.svg]
[gogogo.com/en-ph/assets/flags/4x3/cy.svg]
[gogogo.com/en-ph/assets/flags/1x1/cy.svg]
[gogogo.com/en-ph/assets/flags/4x3/cz.svg]
[gogogo.com/en-ph/assets/flags/1x1/cz.svg]
[gogogo.com/en-ph/assets/flags/4x3/de.svg]
[gogogo.com/en-ph/assets/flags/1x1/de.svg]
[gogogo.com/en-ph/assets/flags/4x3/dj.svg]
[gogogo.com/en-ph/assets/flags/1x1/dj.svg]
[gogogo.com/en-ph/assets/flags/4x3/dk.svg]
[gogogo.com/en-ph/assets/flags/1x1/dk.svg]
[gogogo.com/en-ph/assets/flags/4x3/dm.svg]
[gogogo.com/en-ph/assets/flags/1x1/dm.svg]
[gogogo.com/en-ph/assets/flags/4x3/do.svg]
[gogogo.com/en-ph/assets/flags/1x1/do.svg]
[gogogo.com/en-ph/assets/flags/4x3/dz.svg]
[gogogo.com/en-ph/assets/flags/1x1/dz.svg]
[gogogo.com/en-ph/assets/flags/4x3/ec.svg]
[gogogo.com/en-ph/assets/flags/1x1/ec.svg]
[gogogo.com/en-ph/assets/flags/4x3/ee.svg]
[gogogo.com/en-ph/assets/flags/1x1/ee.svg]
[gogogo.com/en-ph/assets/flags/4x3/eg.svg]
[gogogo.com/en-ph/assets/flags/1x1/eg.svg]
[gogogo.com/en-ph/assets/flags/4x3/eh.svg]
[gogogo.com/en-ph/assets/flags/1x1/eh.svg]
[gogogo.com/en-ph/assets/flags/4x3/er.svg]
[gogogo.com/en-ph/assets/flags/1x1/er.svg]
[gogogo.com/en-ph/assets/flags/4x3/es.svg]
[gogogo.com/en-ph/assets/flags/1x1/es.svg]
[gogogo.com/en-ph/assets/flags/4x3/et.svg]
[gogogo.com/en-ph/assets/flags/1x1/et.svg]
[gogogo.com/en-ph/assets/flags/4x3/fi.svg]
[gogogo.com/en-ph/assets/flags/1x1/fi.svg]
[gogogo.com/en-ph/assets/flags/4x3/fj.svg]
[gogogo.com/en-ph/assets/flags/1x1/fj.svg]
[gogogo.com/en-ph/assets/flags/4x3/fk.svg]
[gogogo.com/en-ph/assets/flags/1x1/fk.svg]
[gogogo.com/en-ph/assets/flags/4x3/fm.svg]
[gogogo.com/en-ph/assets/flags/1x1/fm.svg]
[gogogo.com/en-ph/assets/flags/4x3/fo.svg]
[gogogo.com/en-ph/assets/flags/1x1/fo.svg]
[gogogo.com/en-ph/assets/flags/4x3/fr.svg]
[gogogo.com/en-ph/assets/flags/1x1/fr.svg]
[gogogo.com/en-ph/assets/flags/4x3/ga.svg]
[gogogo.com/en-ph/assets/flags/1x1/ga.svg]
[gogogo.com/en-ph/assets/flags/4x3/gb.svg]
[gogogo.com/en-ph/assets/flags/1x1/gb.svg]
[gogogo.com/en-ph/assets/flags/4x3/gd.svg]
[gogogo.com/en-ph/assets/flags/1x1/gd.svg]
[gogogo.com/en-ph/assets/flags/4x3/ge.svg]
[gogogo.com/en-ph/assets/flags/1x1/ge.svg]
[gogogo.com/en-ph/assets/flags/4x3/gf.svg]
[gogogo.com/en-ph/assets/flags/1x1/gf.svg]
[gogogo.com/en-ph/assets/flags/4x3/gg.svg]
[gogogo.com/en-ph/assets/flags/1x1/gg.svg]
[gogogo.com/en-ph/assets/flags/4x3/gh.svg]
[gogogo.com/en-ph/assets/flags/1x1/gh.svg]
[gogogo.com/en-ph/assets/flags/4x3/gi.svg]
[gogogo.com/en-ph/assets/flags/1x1/gi.svg]
[gogogo.com/en-ph/assets/flags/4x3/gl.svg]
[gogogo.com/en-ph/assets/flags/1x1/gl.svg]
[gogogo.com/en-ph/assets/flags/4x3/gm.svg]
[gogogo.com/en-ph/assets/flags/1x1/gm.svg]
[gogogo.com/en-ph/assets/flags/4x3/gn.svg]
[gogogo.com/en-ph/assets/flags/1x1/gn.svg]
[gogogo.com/en-ph/assets/flags/4x3/gp.svg]
[gogogo.com/en-ph/assets/flags/1x1/gp.svg]
[gogogo.com/en-ph/assets/flags/4x3/gq.svg]
[gogogo.com/en-ph/assets/flags/1x1/gq.svg]
[gogogo.com/en-ph/assets/flags/4x3/gr.svg]
[gogogo.com/en-ph/assets/flags/1x1/gr.svg]
[gogogo.com/en-ph/assets/flags/4x3/gs.svg]
[gogogo.com/en-ph/assets/flags/1x1/gs.svg]
[gogogo.com/en-ph/assets/flags/4x3/gt.svg]
[gogogo.com/en-ph/assets/flags/1x1/gt.svg]
[gogogo.com/en-ph/assets/flags/4x3/gu.svg]
[gogogo.com/en-ph/assets/flags/1x1/gu.svg]
[gogogo.com/en-ph/assets/flags/4x3/gw.svg]
[gogogo.com/en-ph/assets/flags/1x1/gw.svg]
[gogogo.com/en-ph/assets/flags/4x3/gy.svg]
[gogogo.com/en-ph/assets/flags/1x1/gy.svg]
[gogogo.com/en-ph/assets/flags/4x3/hk.svg]
[gogogo.com/en-ph/assets/flags/1x1/hk.svg]
[gogogo.com/en-ph/assets/flags/4x3/hm.svg]
[gogogo.com/en-ph/assets/flags/1x1/hm.svg]
[gogogo.com/en-ph/assets/flags/4x3/hn.svg]
[gogogo.com/en-ph/assets/flags/1x1/hn.svg]
[gogogo.com/en-ph/assets/flags/4x3/hr.svg]
[gogogo.com/en-ph/assets/flags/1x1/hr.svg]
[gogogo.com/en-ph/assets/flags/4x3/ht.svg]
[gogogo.com/en-ph/assets/flags/1x1/ht.svg]
[gogogo.com/en-ph/assets/flags/4x3/hu.svg]
[gogogo.com/en-ph/assets/flags/1x1/hu.svg]
[gogogo.com/en-ph/assets/flags/4x3/id.svg]
[gogogo.com/en-ph/assets/flags/1x1/id.svg]
[gogogo.com/en-ph/assets/flags/4x3/ie.svg]
[gogogo.com/en-ph/assets/flags/1x1/ie.svg]
[gogogo.com/en-ph/assets/flags/4x3/il.svg]
[gogogo.com/en-ph/assets/flags/1x1/il.svg]
[gogogo.com/en-ph/assets/flags/4x3/im.svg]
[gogogo.com/en-ph/assets/flags/1x1/im.svg]
[gogogo.com/en-ph/assets/flags/4x3/in.svg]
[gogogo.com/en-ph/assets/flags/1x1/in.svg]
[gogogo.com/en-ph/assets/flags/4x3/io.svg]
[gogogo.com/en-ph/assets/flags/1x1/io.svg]
[gogogo.com/en-ph/assets/flags/4x3/iq.svg]
[gogogo.com/en-ph/assets/flags/1x1/iq.svg]
[gogogo.com/en-ph/assets/flags/4x3/ir.svg]
[gogogo.com/en-ph/assets/flags/1x1/ir.svg]
[gogogo.com/en-ph/assets/flags/4x3/is.svg]
[gogogo.com/en-ph/assets/flags/1x1/is.svg]
[gogogo.com/en-ph/assets/flags/4x3/it.svg]
[gogogo.com/en-ph/assets/flags/1x1/it.svg]
[gogogo.com/en-ph/assets/flags/4x3/je.svg]
[gogogo.com/en-ph/assets/flags/1x1/je.svg]
[gogogo.com/en-ph/assets/flags/4x3/jm.svg]
[gogogo.com/en-ph/assets/flags/1x1/jm.svg]
[gogogo.com/en-ph/assets/flags/4x3/jo.svg]
[gogogo.com/en-ph/assets/flags/1x1/jo.svg]
[gogogo.com/en-ph/assets/flags/4x3/jp.svg]
[gogogo.com/en-ph/assets/flags/1x1/jp.svg]
[gogogo.com/en-ph/assets/flags/4x3/ke.svg]
[gogogo.com/en-ph/assets/flags/1x1/ke.svg]
[gogogo.com/en-ph/assets/flags/4x3/kg.svg]
[gogogo.com/en-ph/assets/flags/1x1/kg.svg]
[gogogo.com/en-ph/assets/flags/4x3/kh.svg]
[gogogo.com/en-ph/assets/flags/1x1/kh.svg]
[gogogo.com/en-ph/assets/flags/4x3/ki.svg]
[gogogo.com/en-ph/assets/flags/1x1/ki.svg]
[gogogo.com/en-ph/assets/flags/4x3/km.svg]
[gogogo.com/en-ph/assets/flags/1x1/km.svg]
[gogogo.com/en-ph/assets/flags/4x3/kn.svg]
[gogogo.com/en-ph/assets/flags/1x1/kn.svg]
[gogogo.com/en-ph/assets/flags/4x3/kp.svg]
[gogogo.com/en-ph/assets/flags/1x1/kp.svg]
[gogogo.com/en-ph/assets/flags/4x3/kr.svg]
[gogogo.com/en-ph/assets/flags/1x1/kr.svg]
[gogogo.com/en-ph/assets/flags/4x3/kw.svg]
[gogogo.com/en-ph/assets/flags/1x1/kw.svg]
[gogogo.com/en-ph/assets/flags/4x3/ky.svg]
[gogogo.com/en-ph/assets/flags/1x1/ky.svg]
[gogogo.com/en-ph/assets/flags/4x3/kz.svg]
[gogogo.com/en-ph/assets/flags/1x1/kz.svg]
[gogogo.com/en-ph/assets/flags/4x3/la.svg]
[gogogo.com/en-ph/assets/flags/1x1/la.svg]
[gogogo.com/en-ph/assets/flags/4x3/lb.svg]
[gogogo.com/en-ph/assets/flags/1x1/lb.svg]
[gogogo.com/en-ph/assets/flags/4x3/lc.svg]
[gogogo.com/en-ph/assets/flags/1x1/lc.svg]
[gogogo.com/en-ph/assets/flags/4x3/li.svg]
[gogogo.com/en-ph/assets/flags/1x1/li.svg]
[gogogo.com/en-ph/assets/flags/4x3/lk.svg]
[gogogo.com/en-ph/assets/flags/1x1/lk.svg]
[gogogo.com/en-ph/assets/flags/4x3/lr.svg]
[gogogo.com/en-ph/assets/flags/1x1/lr.svg]
[gogogo.com/en-ph/assets/flags/4x3/ls.svg]
[gogogo.com/en-ph/assets/flags/1x1/ls.svg]
[gogogo.com/en-ph/assets/flags/4x3/lt.svg]
[gogogo.com/en-ph/assets/flags/1x1/lt.svg]
[gogogo.com/en-ph/assets/flags/4x3/lu.svg]
[gogogo.com/en-ph/assets/flags/1x1/lu.svg]
[gogogo.com/en-ph/assets/flags/4x3/lv.svg]
[gogogo.com/en-ph/assets/flags/1x1/lv.svg]
[gogogo.com/en-ph/assets/flags/4x3/ly.svg]
[gogogo.com/en-ph/assets/flags/1x1/ly.svg]
[gogogo.com/en-ph/assets/flags/4x3/ma.svg]
[gogogo.com/en-ph/assets/flags/1x1/ma.svg]
[gogogo.com/en-ph/assets/flags/4x3/mc.svg]
[gogogo.com/en-ph/assets/flags/1x1/mc.svg]
[gogogo.com/en-ph/assets/flags/4x3/md.svg]
[gogogo.com/en-ph/assets/flags/1x1/md.svg]
[gogogo.com/en-ph/assets/flags/4x3/me.svg]
[gogogo.com/en-ph/assets/flags/1x1/me.svg]
[gogogo.com/en-ph/assets/flags/4x3/mf.svg]
[gogogo.com/en-ph/assets/flags/1x1/mf.svg]
[gogogo.com/en-ph/assets/flags/4x3/mg.svg]
[gogogo.com/en-ph/assets/flags/1x1/mg.svg]
[gogogo.com/en-ph/assets/flags/4x3/mh.svg]
[gogogo.com/en-ph/assets/flags/1x1/mh.svg]
[gogogo.com/en-ph/assets/flags/4x3/mk.svg]
[gogogo.com/en-ph/assets/flags/1x1/mk.svg]
[gogogo.com/en-ph/assets/flags/4x3/ml.svg]
[gogogo.com/en-ph/assets/flags/1x1/ml.svg]
[gogogo.com/en-ph/assets/flags/4x3/mm.svg]
[gogogo.com/en-ph/assets/flags/1x1/mm.svg]
[gogogo.com/en-ph/assets/flags/4x3/mn.svg]
[gogogo.com/en-ph/assets/flags/1x1/mn.svg]
[gogogo.com/en-ph/assets/flags/4x3/mo.svg]
[gogogo.com/en-ph/assets/flags/1x1/mo.svg]
[gogogo.com/en-ph/assets/flags/4x3/mp.svg]
[gogogo.com/en-ph/assets/flags/1x1/mp.svg]
[gogogo.com/en-ph/assets/flags/4x3/mq.svg]
[gogogo.com/en-ph/assets/flags/1x1/mq.svg]
[gogogo.com/en-ph/assets/flags/4x3/mr.svg]
[gogogo.com/en-ph/assets/flags/1x1/mr.svg]
[gogogo.com/en-ph/assets/flags/4x3/ms.svg]
[gogogo.com/en-ph/assets/flags/1x1/ms.svg]
[gogogo.com/en-ph/assets/flags/4x3/mt.svg]
[gogogo.com/en-ph/assets/flags/1x1/mt.svg]
[gogogo.com/en-ph/assets/flags/4x3/mu.svg]
[gogogo.com/en-ph/assets/flags/1x1/mu.svg]
[gogogo.com/en-ph/assets/flags/4x3/mv.svg]
[gogogo.com/en-ph/assets/flags/1x1/mv.svg]
[gogogo.com/en-ph/assets/flags/4x3/mw.svg]
[gogogo.com/en-ph/assets/flags/1x1/mw.svg]
[gogogo.com/en-ph/assets/flags/4x3/mx.svg]
[gogogo.com/en-ph/assets/flags/1x1/mx.svg]
[gogogo.com/en-ph/assets/flags/4x3/my.svg]
[gogogo.com/en-ph/assets/flags/1x1/my.svg]
[gogogo.com/en-ph/assets/flags/4x3/mz.svg]
[gogogo.com/en-ph/assets/flags/1x1/mz.svg]
[gogogo.com/en-ph/assets/flags/4x3/na.svg]
[gogogo.com/en-ph/assets/flags/1x1/na.svg]
[gogogo.com/en-ph/assets/flags/4x3/nc.svg]
[gogogo.com/en-ph/assets/flags/1x1/nc.svg]
[gogogo.com/en-ph/assets/flags/4x3/ne.svg]
[gogogo.com/en-ph/assets/flags/1x1/ne.svg]
[gogogo.com/en-ph/assets/flags/4x3/nf.svg]
[gogogo.com/en-ph/assets/flags/1x1/nf.svg]
[gogogo.com/en-ph/assets/flags/4x3/ng.svg]
[gogogo.com/en-ph/assets/flags/1x1/ng.svg]
[gogogo.com/en-ph/assets/flags/4x3/ni.svg]
[gogogo.com/en-ph/assets/flags/1x1/ni.svg]
[gogogo.com/en-ph/assets/flags/4x3/nl.svg]
[gogogo.com/en-ph/assets/flags/1x1/nl.svg]
[gogogo.com/en-ph/assets/flags/4x3/no.svg]
[gogogo.com/en-ph/assets/flags/1x1/no.svg]
[gogogo.com/en-ph/assets/flags/4x3/np.svg]
[gogogo.com/en-ph/assets/flags/1x1/np.svg]
[gogogo.com/en-ph/assets/flags/4x3/nr.svg]
[gogogo.com/en-ph/assets/flags/1x1/nr.svg]
[gogogo.com/en-ph/assets/flags/4x3/nu.svg]
[gogogo.com/en-ph/assets/flags/1x1/nu.svg]
[gogogo.com/en-ph/assets/flags/4x3/nz.svg]
[gogogo.com/en-ph/assets/flags/1x1/nz.svg]
[gogogo.com/en-ph/assets/flags/4x3/om.svg]
[gogogo.com/en-ph/assets/flags/1x1/om.svg]
[gogogo.com/en-ph/assets/flags/4x3/pa.svg]
[gogogo.com/en-ph/assets/flags/1x1/pa.svg]
[gogogo.com/en-ph/assets/flags/4x3/pe.svg]
[gogogo.com/en-ph/assets/flags/1x1/pe.svg]
[gogogo.com/en-ph/assets/flags/4x3/pf.svg]
[gogogo.com/en-ph/assets/flags/1x1/pf.svg]
[gogogo.com/en-ph/assets/flags/4x3/pg.svg]
[gogogo.com/en-ph/assets/flags/1x1/pg.svg]
[gogogo.com/en-ph/assets/flags/4x3/ph.svg]
[gogogo.com/en-ph/assets/flags/1x1/ph.svg]
[gogogo.com/en-ph/assets/flags/4x3/pk.svg]
[gogogo.com/en-ph/assets/flags/1x1/pk.svg]
[gogogo.com/en-ph/assets/flags/4x3/pl.svg]
[gogogo.com/en-ph/assets/flags/1x1/pl.svg]
[gogogo.com/en-ph/assets/flags/4x3/pm.svg]
[gogogo.com/en-ph/assets/flags/1x1/pm.svg]
[gogogo.com/en-ph/assets/flags/4x3/pn.svg]
[gogogo.com/en-ph/assets/flags/1x1/pn.svg]
[gogogo.com/en-ph/assets/flags/4x3/pr.svg]
[gogogo.com/en-ph/assets/flags/1x1/pr.svg]
[gogogo.com/en-ph/assets/flags/4x3/ps.svg]
[gogogo.com/en-ph/assets/flags/1x1/ps.svg]
[gogogo.com/en-ph/assets/flags/4x3/pt.svg]
[gogogo.com/en-ph/assets/flags/1x1/pt.svg]
[gogogo.com/en-ph/assets/flags/4x3/pw.svg]
[gogogo.com/en-ph/assets/flags/1x1/pw.svg]
[gogogo.com/en-ph/assets/flags/4x3/py.svg]
[gogogo.com/en-ph/assets/flags/1x1/py.svg]
[gogogo.com/en-ph/assets/flags/4x3/qa.svg]
[gogogo.com/en-ph/assets/flags/1x1/qa.svg]
[gogogo.com/en-ph/assets/flags/4x3/re.svg]
[gogogo.com/en-ph/assets/flags/1x1/re.svg]
[gogogo.com/en-ph/assets/flags/4x3/ro.svg]
[gogogo.com/en-ph/assets/flags/1x1/ro.svg]
[gogogo.com/en-ph/assets/flags/4x3/rs.svg]
[gogogo.com/en-ph/assets/flags/1x1/rs.svg]
[gogogo.com/en-ph/assets/flags/4x3/ru.svg]
[gogogo.com/en-ph/assets/flags/1x1/ru.svg]
[gogogo.com/en-ph/assets/flags/4x3/rw.svg]
[gogogo.com/en-ph/assets/flags/1x1/rw.svg]
[gogogo.com/en-ph/assets/flags/4x3/sa.svg]
[gogogo.com/en-ph/assets/flags/1x1/sa.svg]
[gogogo.com/en-ph/assets/flags/4x3/sb.svg]
[gogogo.com/en-ph/assets/flags/1x1/sb.svg]
[gogogo.com/en-ph/assets/flags/4x3/sc.svg]
[gogogo.com/en-ph/assets/flags/1x1/sc.svg]
[gogogo.com/en-ph/assets/flags/4x3/sd.svg]
[gogogo.com/en-ph/assets/flags/1x1/sd.svg]
[gogogo.com/en-ph/assets/flags/4x3/se.svg]
[gogogo.com/en-ph/assets/flags/1x1/se.svg]
[gogogo.com/en-ph/assets/flags/4x3/sg.svg]
[gogogo.com/en-ph/assets/flags/1x1/sg.svg]
[gogogo.com/en-ph/assets/flags/4x3/sh.svg]
[gogogo.com/en-ph/assets/flags/1x1/sh.svg]
[gogogo.com/en-ph/assets/flags/4x3/si.svg]
[gogogo.com/en-ph/assets/flags/1x1/si.svg]
[gogogo.com/en-ph/assets/flags/4x3/sj.svg]
[gogogo.com/en-ph/assets/flags/1x1/sj.svg]
[gogogo.com/en-ph/assets/flags/4x3/sk.svg]
[gogogo.com/en-ph/assets/flags/1x1/sk.svg]
[gogogo.com/en-ph/assets/flags/4x3/sl.svg]
[gogogo.com/en-ph/assets/flags/1x1/sl.svg]
[gogogo.com/en-ph/assets/flags/4x3/sm.svg]
[gogogo.com/en-ph/assets/flags/1x1/sm.svg]
[gogogo.com/en-ph/assets/flags/4x3/sn.svg]
[gogogo.com/en-ph/assets/flags/1x1/sn.svg]
[gogogo.com/en-ph/assets/flags/4x3/so.svg]
[gogogo.com/en-ph/assets/flags/1x1/so.svg]
[gogogo.com/en-ph/assets/flags/4x3/sr.svg]
[gogogo.com/en-ph/assets/flags/1x1/sr.svg]
[gogogo.com/en-ph/assets/flags/4x3/ss.svg]
[gogogo.com/en-ph/assets/flags/1x1/ss.svg]
[gogogo.com/en-ph/assets/flags/4x3/st.svg]
[gogogo.com/en-ph/assets/flags/1x1/st.svg]
[gogogo.com/en-ph/assets/flags/4x3/sv.svg]
[gogogo.com/en-ph/assets/flags/1x1/sv.svg]
[gogogo.com/en-ph/assets/flags/4x3/sx.svg]
[gogogo.com/en-ph/assets/flags/1x1/sx.svg]
[gogogo.com/en-ph/assets/flags/4x3/sy.svg]
[gogogo.com/en-ph/assets/flags/1x1/sy.svg]
[gogogo.com/en-ph/assets/flags/4x3/sz.svg]
[gogogo.com/en-ph/assets/flags/1x1/sz.svg]
[gogogo.com/en-ph/assets/flags/4x3/tc.svg]
[gogogo.com/en-ph/assets/flags/1x1/tc.svg]
[gogogo.com/en-ph/assets/flags/4x3/td.svg]
[gogogo.com/en-ph/assets/flags/1x1/td.svg]
[gogogo.com/en-ph/assets/flags/4x3/tf.svg]
[gogogo.com/en-ph/assets/flags/1x1/tf.svg]
[gogogo.com/en-ph/assets/flags/4x3/tg.svg]
[gogogo.com/en-ph/assets/flags/1x1/tg.svg]
[gogogo.com/en-ph/assets/flags/4x3/th.svg]
[gogogo.com/en-ph/assets/flags/1x1/th.svg]
[gogogo.com/en-ph/assets/flags/4x3/tj.svg]
[gogogo.com/en-ph/assets/flags/1x1/tj.svg]
[gogogo.com/en-ph/assets/flags/4x3/tk.svg]
[gogogo.com/en-ph/assets/flags/1x1/tk.svg]
[gogogo.com/en-ph/assets/flags/4x3/tl.svg]
[gogogo.com/en-ph/assets/flags/1x1/tl.svg]
[gogogo.com/en-ph/assets/flags/4x3/tm.svg]
[gogogo.com/en-ph/assets/flags/1x1/tm.svg]
[gogogo.com/en-ph/assets/flags/4x3/tn.svg]
[gogogo.com/en-ph/assets/flags/1x1/tn.svg]
[gogogo.com/en-ph/assets/flags/4x3/to.svg]
[gogogo.com/en-ph/assets/flags/1x1/to.svg]
[gogogo.com/en-ph/assets/flags/4x3/tr.svg]
[gogogo.com/en-ph/assets/flags/1x1/tr.svg]
[gogogo.com/en-ph/assets/flags/4x3/tt.svg]
[gogogo.com/en-ph/assets/flags/1x1/tt.svg]
[gogogo.com/en-ph/assets/flags/4x3/tv.svg]
[gogogo.com/en-ph/assets/flags/1x1/tv.svg]
[gogogo.com/en-ph/assets/flags/4x3/tw.svg]
[gogogo.com/en-ph/assets/flags/1x1/tw.svg]
[gogogo.com/en-ph/assets/flags/4x3/tz.svg]
[gogogo.com/en-ph/assets/flags/1x1/tz.svg]
[gogogo.com/en-ph/assets/flags/4x3/ua.svg]
[gogogo.com/en-ph/assets/flags/1x1/ua.svg]
[gogogo.com/en-ph/assets/flags/4x3/ug.svg]
[gogogo.com/en-ph/assets/flags/1x1/ug.svg]
[gogogo.com/en-ph/assets/flags/4x3/um.svg]
[gogogo.com/en-ph/assets/flags/1x1/um.svg]
[gogogo.com/en-ph/assets/flags/4x3/us.svg]
[gogogo.com/en-ph/assets/flags/1x1/us.svg]
[gogogo.com/en-ph/assets/flags/4x3/uy.svg]
[gogogo.com/en-ph/assets/flags/1x1/uy.svg]
[gogogo.com/en-ph/assets/flags/4x3/uz.svg]
[gogogo.com/en-ph/assets/flags/1x1/uz.svg]
[gogogo.com/en-ph/assets/flags/4x3/va.svg]
[gogogo.com/en-ph/assets/flags/1x1/va.svg]
[gogogo.com/en-ph/assets/flags/4x3/vc.svg]
[gogogo.com/en-ph/assets/flags/1x1/vc.svg]
[gogogo.com/en-ph/assets/flags/4x3/ve.svg]
[gogogo.com/en-ph/assets/flags/1x1/ve.svg]
[gogogo.com/en-ph/assets/flags/4x3/vg.svg]
[gogogo.com/en-ph/assets/flags/1x1/vg.svg]
[gogogo.com/en-ph/assets/flags/4x3/vi.svg]
[gogogo.com/en-ph/assets/flags/1x1/vi.svg]
[gogogo.com/en-ph/assets/flags/4x3/vn.svg]
[gogogo.com/en-ph/assets/flags/1x1/vn.svg]
[gogogo.com/en-ph/assets/flags/4x3/vu.svg]
[gogogo.com/en-ph/assets/flags/1x1/vu.svg]
[gogogo.com/en-ph/assets/flags/4x3/wf.svg]
[gogogo.com/en-ph/assets/flags/1x1/wf.svg]
[gogogo.com/en-ph/assets/flags/4x3/ws.svg]
[gogogo.com/en-ph/assets/flags/1x1/ws.svg]
[gogogo.com/en-ph/assets/flags/4x3/ye.svg]
[gogogo.com/en-ph/assets/flags/1x1/ye.svg]
[gogogo.com/en-ph/assets/flags/4x3/yt.svg]
[gogogo.com/en-ph/assets/flags/1x1/yt.svg]
[gogogo.com/en-ph/assets/flags/4x3/za.svg]
[gogogo.com/en-ph/assets/flags/1x1/za.svg]
[gogogo.com/en-ph/assets/flags/4x3/zm.svg]
[gogogo.com/en-ph/assets/flags/1x1/zm.svg]
[gogogo.com/en-ph/assets/flags/4x3/zw.svg]
[gogogo.com/en-ph/assets/flags/1x1/zw.svg]
[gogogo.com/en-ph/assets/flags/4x3/es-ct.svg]
[gogogo.com/en-ph/assets/flags/1x1/es-ct.svg]
[gogogo.com/en-ph/assets/flags/4x3/eu.svg]
[gogogo.com/en-ph/assets/flags/1x1/eu.svg]
[gogogo.com/en-ph/assets/flags/4x3/gb-eng.svg]
[gogogo.com/en-ph/assets/flags/1x1/gb-eng.svg]
[gogogo.com/en-ph/assets/flags/4x3/gb-nir.svg]
[gogogo.com/en-ph/assets/flags/1x1/gb-nir.svg]
[gogogo.com/en-ph/assets/flags/4x3/gb-sct.svg]
[gogogo.com/en-ph/assets/flags/1x1/gb-sct.svg]
[gogogo.com/en-ph/assets/flags/4x3/gb-wls.svg]
[gogogo.com/en-ph/assets/flags/1x1/gb-wls.svg]
[gogogo.com/en-ph/assets/flags/4x3/un.svg]
[gogogo.com/en-ph/assets/flags/1x1/un.svg]
[gogogo.com/en-ph/assets/images/textures/1.html]
[gogogo.com/en-ph/assets/images/textures/2.html]
[gogogo.com/en-ph/assets/images/textures/3.html]
[gogogo.com/en-ph/assets/images/textures/4.html]
[gogogo.com/en-ph/assets/images/textures/5.html]
[gogogo.com/en-ph/assets/images/textures/texture-a.html]
[gogogo.com/en-ph/assets/images/textures/texture-b.html]
[gogogo.com/en-ph/assets/images/textures/texture-c.html]
[gogogo.com/en-ph/assets/images/textures/texture-d.html]
[gogogo.com/en-ph/assets/images/textures/texture-e.html]
[gogogo.com/en-ph/assets/images/textures/texture-f.html]
[gogogo.com/en-ph/assets/images/error-texture.html]
[gogogo.com/en-ph/assets/images/coming-soon.html]
[gogogo.com/en-ph/upload/footer.html]
[cdnjs.cloudflare.com/ajax/libs/font-awesome/4.7.0/fonts/fontawesome-webfont3e6e.svg]
[unpkg.com/bootstrap-table@1.22.0/dist/bootstrap-table.min.css]
[cdn.jsdelivr.net/npm/bootstrap-icons@1.6.0/font/fonts/bootstrap-iconsa67b.woff2]
[cdn.jsdelivr.net/npm/bootstrap-icons@1.6.0/font/fonts/bootstrap-iconsa67b.woff]
[cdn.jsdelivr.net/npm/bootstrap-icons@1.6.0/font/bootstrap-icons.css]
[cdnjs.cloudflare.com/ajax/libs/bootpag/1.0.0/bootpag.min.html]
[gogogo.com/en-ph/promo-detail/${post.html]
[gogogo.com/en-ph/assets/images/promo/${post.html]
[gogogo.com/en-ph/promo-detail/link.href, window.location.html]
[gogogo.com/en-ph/games/link.href, window.location.html]
[gogogo.com/en-ph/terms-and-conditions/index.html]
